Component: ARM Compiler 5.06 update 6 (build 750) Tool: armlink [4d35ed]

==============================================================================

Section Cross References

    startup_stm32f40_41xxx.o(STACK) refers (Special) to heapauxi.o(.text) for __use_two_region_memory
    startup_stm32f40_41xxx.o(HEAP) refers (Special) to heapauxi.o(.text) for __use_two_region_memory
    startup_stm32f40_41xxx.o(RESET) refers (Special) to heapauxi.o(.text) for __use_two_region_memory
    startup_stm32f40_41xxx.o(RESET) refers to startup_stm32f40_41xxx.o(STACK) for __initial_sp
    startup_stm32f40_41xxx.o(RESET) refers to startup_stm32f40_41xxx.o(.text) for Reset_Handler
    startup_stm32f40_41xxx.o(RESET) refers to stm32f4xx_it.o(i.NMI_Handler) for NMI_Handler
    startup_stm32f40_41xxx.o(RESET) refers to stm32f4xx_it.o(i.HardFault_Handler) for HardFault_Handler
    startup_stm32f40_41xxx.o(RESET) refers to stm32f4xx_it.o(i.MemManage_Handler) for MemManage_Handler
    startup_stm32f40_41xxx.o(RESET) refers to stm32f4xx_it.o(i.BusFault_Handler) for BusFault_Handler
    startup_stm32f40_41xxx.o(RESET) refers to stm32f4xx_it.o(i.UsageFault_Handler) for UsageFault_Handler
    startup_stm32f40_41xxx.o(RESET) refers to stm32f4xx_it.o(i.SVC_Handler) for SVC_Handler
    startup_stm32f40_41xxx.o(RESET) refers to stm32f4xx_it.o(i.DebugMon_Handler) for DebugMon_Handler
    startup_stm32f40_41xxx.o(RESET) refers to usart1.o(i.USART1_IRQHandler) for USART1_IRQHandler
    startup_stm32f40_41xxx.o(RESET) refers to sdio_sdcard.o(i.SDIO_IRQHandler) for SDIO_IRQHandler
    startup_stm32f40_41xxx.o(.text) refers (Special) to heapauxi.o(.text) for __use_two_region_memory
    startup_stm32f40_41xxx.o(.text) refers to system_stm32f4xx.o(i.SystemInit) for SystemInit
    startup_stm32f40_41xxx.o(.text) refers to __main.o(!!!main) for __main
    startup_stm32f40_41xxx.o(.text) refers to startup_stm32f40_41xxx.o(HEAP) for Heap_Mem
    startup_stm32f40_41xxx.o(.text) refers to startup_stm32f40_41xxx.o(STACK) for Stack_Mem
    main.o(i.main) refers to _printf_percent.o(.ARM.Collect$$_printf_percent$$00000000) for _printf_percent
    main.o(i.main) refers to _printf_d.o(.ARM.Collect$$_printf_percent$$00000009) for _printf_d
    main.o(i.main) refers to _printf_dec.o(.text) for _printf_int_dec
    main.o(i.main) refers to delay.o(i.delay_init) for delay_init
    main.o(i.main) refers to usart1.o(i.uart_init) for uart_init
    main.o(i.main) refers to led.o(i.LED_Init) for LED_Init
    main.o(i.main) refers to sdio_sdcard.o(i.SD_Init) for SD_Init
    main.o(i.main) refers to noretval__2printf.o(.text) for __2printf
    system_stm32f4xx.o(i.SystemCoreClockUpdate) refers to system_stm32f4xx.o(.data) for SystemCoreClock
    system_stm32f4xx.o(i.SystemInit) refers to system_stm32f4xx.o(i.SetSysClock) for SetSysClock
    led.o(i.LED_Init) refers to stm32f4xx_rcc.o(i.RCC_AHB1PeriphClockCmd) for RCC_AHB1PeriphClockCmd
    led.o(i.LED_Init) refers to stm32f4xx_gpio.o(i.GPIO_Init) for GPIO_Init
    led.o(i.LED_Init) refers to stm32f4xx_gpio.o(i.GPIO_SetBits) for GPIO_SetBits
    sdio_sdcard.o(i.CmdError) refers to stm32f4xx_sdio.o(i.SDIO_GetFlagStatus) for SDIO_GetFlagStatus
    sdio_sdcard.o(i.CmdError) refers to stm32f4xx_sdio.o(i.SDIO_ClearFlag) for SDIO_ClearFlag
    sdio_sdcard.o(i.CmdResp1Error) refers to stm32f4xx_sdio.o(i.SDIO_GetFlagStatus) for SDIO_GetFlagStatus
    sdio_sdcard.o(i.CmdResp1Error) refers to stm32f4xx_sdio.o(i.SDIO_ClearFlag) for SDIO_ClearFlag
    sdio_sdcard.o(i.CmdResp2Error) refers to stm32f4xx_sdio.o(i.SDIO_ClearFlag) for SDIO_ClearFlag
    sdio_sdcard.o(i.CmdResp2Error) refers to stm32f4xx_sdio.o(i.SDIO_GetFlagStatus) for SDIO_GetFlagStatus
    sdio_sdcard.o(i.CmdResp3Error) refers to stm32f4xx_sdio.o(i.SDIO_GetFlagStatus) for SDIO_GetFlagStatus
    sdio_sdcard.o(i.CmdResp3Error) refers to stm32f4xx_sdio.o(i.SDIO_ClearFlag) for SDIO_ClearFlag
    sdio_sdcard.o(i.CmdResp6Error) refers to stm32f4xx_sdio.o(i.SDIO_GetFlagStatus) for SDIO_GetFlagStatus
    sdio_sdcard.o(i.CmdResp6Error) refers to stm32f4xx_sdio.o(i.SDIO_ClearFlag) for SDIO_ClearFlag
    sdio_sdcard.o(i.CmdResp7Error) refers to stm32f4xx_sdio.o(i.SDIO_ClearFlag) for SDIO_ClearFlag
    sdio_sdcard.o(i.FindSCR) refers to stm32f4xx_sdio.o(i.SDIO_SendCommand) for SDIO_SendCommand
    sdio_sdcard.o(i.FindSCR) refers to sdio_sdcard.o(i.CmdResp1Error) for CmdResp1Error
    sdio_sdcard.o(i.FindSCR) refers to stm32f4xx_sdio.o(i.SDIO_DataConfig) for SDIO_DataConfig
    sdio_sdcard.o(i.FindSCR) refers to stm32f4xx_sdio.o(i.SDIO_GetFlagStatus) for SDIO_GetFlagStatus
    sdio_sdcard.o(i.FindSCR) refers to stm32f4xx_sdio.o(i.SDIO_ClearFlag) for SDIO_ClearFlag
    sdio_sdcard.o(i.FindSCR) refers to sdio_sdcard.o(.bss) for SDIO_CmdInitStructure
    sdio_sdcard.o(i.FindSCR) refers to sdio_sdcard.o(.data) for RCA
    sdio_sdcard.o(i.IsCardProgramming) refers to stm32f4xx_sdio.o(i.SDIO_SendCommand) for SDIO_SendCommand
[...]
    Removing stm32f4xx_gpio.o(i.GPIO_ResetBits), (4 bytes).
    Removing stm32f4xx_gpio.o(i.GPIO_StructInit), (18 bytes).
    Removing stm32f4xx_gpio.o(i.GPIO_ToggleBits), (8 bytes).
    Removing stm32f4xx_gpio.o(i.GPIO_Write), (4 bytes).
    Removing stm32f4xx_gpio.o(i.GPIO_WriteBit), (10 bytes).
    Removing stm32f4xx_rcc.o(.rev16_text), (4 bytes).
    Removing stm32f4xx_rcc.o(.revsh_text), (4 bytes).
    Removing stm32f4xx_rcc.o(.rrx_text), (6 bytes).
    Removing stm32f4xx_rcc.o(i.RCC_AHB1PeriphClockLPModeCmd), (32 bytes).
    Removing stm32f4xx_rcc.o(i.RCC_AHB1PeriphResetCmd), (32 bytes).
    Removing stm32f4xx_rcc.o(i.RCC_AHB2PeriphClockCmd), (32 bytes).
    Removing stm32f4xx_rcc.o(i.RCC_AHB2PeriphClockLPModeCmd), (32 bytes).
    Removing stm32f4xx_rcc.o(i.RCC_AHB2PeriphResetCmd), (32 bytes).
    Removing stm32f4xx_rcc.o(i.RCC_AHB3PeriphClockCmd), (32 bytes).
    Removing stm32f4xx_rcc.o(i.RCC_AHB3PeriphClockLPModeCmd), (32 bytes).
    Removing stm32f4xx_rcc.o(i.RCC_AHB3PeriphResetCmd), (32 bytes).
    Removing stm32f4xx_rcc.o(i.RCC_APB1PeriphClockCmd), (32 bytes).
    Removing stm32f4xx_rcc.o(i.RCC_APB1PeriphClockLPModeCmd), (32 bytes).
    Removing stm32f4xx_rcc.o(i.RCC_APB1PeriphResetCmd), (32 bytes).
    Removing stm32f4xx_rcc.o(i.RCC_APB2PeriphClockLPModeCmd), (32 bytes).
    Removing stm32f4xx_rcc.o(i.RCC_AdjustHSICalibrationValue), (24 bytes).
    Removing stm32f4xx_rcc.o(i.RCC_BackupResetCmd), (12 bytes).
    Removing stm32f4xx_rcc.o(i.RCC_ClearFlag), (20 bytes).
    Removing stm32f4xx_rcc.o(i.RCC_ClearITPendingBit), (12 bytes).
    Removing stm32f4xx_rcc.o(i.RCC_ClockSecuritySystemCmd), (12 bytes).
    Removing stm32f4xx_rcc.o(i.RCC_DeInit), (100 bytes).
    Removing stm32f4xx_rcc.o(i.RCC_GetFlagStatus), (64 bytes).
    Removing stm32f4xx_rcc.o(i.RCC_GetITStatus), (24 bytes).
    Removing stm32f4xx_rcc.o(i.RCC_GetSYSCLKSource), (16 bytes).
    Removing stm32f4xx_rcc.o(i.RCC_HCLKConfig), (24 bytes).
    Removing stm32f4xx_rcc.o(i.RCC_HSEConfig), (16 bytes).
    Removing stm32f4xx_rcc.o(i.RCC_HSICmd), (12 bytes).
    Removing stm32f4xx_rcc.o(i.RCC_I2SCLKConfig), (12 bytes).
    Removing stm32f4xx_rcc.o(i.RCC_ITConfig), (32 bytes).
    Removing stm32f4xx_rcc.o(i.RCC_LSEConfig), (44 bytes).
    Removing stm32f4xx_rcc.o(i.RCC_LSEModeConfig), (36 bytes).
    Removing stm32f4xx_rcc.o(i.RCC_LSICmd), (12 bytes).
    Removing stm32f4xx_rcc.o(i.RCC_LTDCCLKDivConfig), (24 bytes).
    Removing stm32f4xx_rcc.o(i.RCC_MCO1Config), (28 bytes).
    Removing stm32f4xx_rcc.o(i.RCC_MCO2Config), (28 bytes).
    Removing stm32f4xx_rcc.o(i.RCC_PCLK1Config), (24 bytes).
    Removing stm32f4xx_rcc.o(i.RCC_PCLK2Config), (24 bytes).
    Removing stm32f4xx_rcc.o(i.RCC_PLLCmd), (12 bytes).
    Removing stm32f4xx_rcc.o(i.RCC_PLLConfig), (36 bytes).
    Removing stm32f4xx_rcc.o(i.RCC_PLLI2SCmd), (12 bytes).
    Removing stm32f4xx_rcc.o(i.RCC_PLLI2SConfig), (16 bytes).
    Removing stm32f4xx_rcc.o(i.RCC_PLLSAICmd), (12 bytes).
    Removing stm32f4xx_rcc.o(i.RCC_PLLSAIConfig), (24 bytes).
    Removing stm32f4xx_rcc.o(i.RCC_RTCCLKCmd), (12 bytes).
    Removing stm32f4xx_rcc.o(i.RCC_RTCCLKConfig), (60 bytes).
    Removing stm32f4xx_rcc.o(i.RCC_SAIBlockACLKConfig), (24 bytes).
    Removing stm32f4xx_rcc.o(i.RCC_SAIBlockBCLKConfig), (24 bytes).
    Removing stm32f4xx_rcc.o(i.RCC_SAIPLLI2SClkDivConfig), (28 bytes).
    Removing stm32f4xx_rcc.o(i.RCC_SAIPLLSAIClkDivConfig), (28 bytes).
    Removing stm32f4xx_rcc.o(i.RCC_SYSCLKConfig), (24 bytes).
    Removing stm32f4xx_rcc.o(i.RCC_TIMCLKPresConfig), (12 bytes).
    Removing stm32f4xx_rcc.o(i.RCC_WaitForHSEStartUp), (56 bytes).
    Removing stm32f4xx_usart.o(.rev16_text), (4 bytes).
    Removing stm32f4xx_usart.o(.revsh_text), (4 bytes).
    Removing stm32f4xx_usart.o(.rrx_text), (6 bytes).
    Removing stm32f4xx_usart.o(i.USART_ClearITPendingBit), (30 bytes).
    Removing stm32f4xx_usart.o(i.USART_ClockInit), (32 bytes).
    Removing stm32f4xx_usart.o(i.USART_ClockStructInit), (12 bytes).
    Removing stm32f4xx_usart.o(i.USART_DMACmd), (18 bytes).
    Removing stm32f4xx_usart.o(i.USART_DeInit), (240 bytes).
    Removing stm32f4xx_usart.o(i.USART_GetFlagStatus), (26 bytes).
    Removing stm32f4xx_usart.o(i.USART_HalfDuplexCmd), (24 bytes).
    Removing stm32f4xx_usart.o(i.USART_IrDACmd), (24 bytes).
    Removing stm32f4xx_usart.o(i.USART_IrDAConfig), (18 bytes).
    Removing stm32f4xx_usart.o(i.USART_LINBreakDetectLengthConfig), (18 bytes).
    Removing stm32f4xx_usart.o(i.USART_LINCmd), (24 bytes).
    Removing stm32f4xx_usart.o(i.USART_OneBitMethodCmd), (24 bytes).
    Removing stm32f4xx_usart.o(i.USART_OverSampling8Cmd), (22 bytes).
    Removing stm32f4xx_usart.o(i.USART_ReceiverWakeUpCmd), (24 bytes).
    Removing stm32f4xx_usart.o(i.USART_SendBreak), (10 bytes).
    Removing stm32f4xx_usart.o(i.USART_SendData), (8 bytes).
    Removing stm32f4xx_usart.o(i.USART_SetAddress), (18 bytes).
    Removing stm32f4xx_usart.o(i.USART_SetGuardTime), (16 bytes).
    Removing stm32f4xx_usart.o(i.USART_SetPrescaler), (16 bytes).
    Removing stm32f4xx_usart.o(i.USART_SmartCardCmd), (24 bytes).
    Removing stm32f4xx_usart.o(i.USART_SmartCardNACKCmd), (24 bytes).
    Removing stm32f4xx_usart.o(i.USART_StructInit), (24 bytes).
    Removing stm32f4xx_usart.o(i.USART_WakeUpConfig), (18 bytes).
    Removing stm32f4xx_syscfg.o(.rev16_text), (4 bytes).
    Removing stm32f4xx_syscfg.o(.revsh_text), (4 bytes).
    Removing stm32f4xx_syscfg.o(.rrx_text), (6 bytes).
    Removing stm32f4xx_syscfg.o(i.SYSCFG_CompensationCellCmd), (12 bytes).
    Removing stm32f4xx_syscfg.o(i.SYSCFG_DeInit), (22 bytes).
    Removing stm32f4xx_syscfg.o(i.SYSCFG_ETH_MediaInterfaceConfig), (12 bytes).
    Removing stm32f4xx_syscfg.o(i.SYSCFG_EXTILineConfig), (64 bytes).
    Removing stm32f4xx_syscfg.o(i.SYSCFG_GetCompensationCellStatus), (24 bytes).
    Removing stm32f4xx_syscfg.o(i.SYSCFG_MemoryRemapConfig), (12 bytes).
    Removing stm32f4xx_syscfg.o(i.SYSCFG_MemorySwappingBank), (12 bytes).
    Removing stm32f4xx_dma.o(.rev16_text), (4 bytes).
    Removing stm32f4xx_dma.o(.revsh_text), (4 bytes).
    Removing stm32f4xx_dma.o(.rrx_text), (6 bytes).
    Removing stm32f4xx_dma.o(i.DMA_ClearFlag), (52 bytes).
    Removing stm32f4xx_dma.o(i.DMA_ClearITPendingBit), (52 bytes).
    Removing stm32f4xx_dma.o(i.DMA_Cmd), (22 bytes).
    Removing stm32f4xx_dma.o(i.DMA_DeInit), (344 bytes).
    Removing stm32f4xx_dma.o(i.DMA_DoubleBufferModeCmd), (22 bytes).
    Removing stm32f4xx_dma.o(i.DMA_DoubleBufferModeConfig), (24 bytes).
    Removing stm32f4xx_dma.o(i.DMA_FlowControllerConfig), (22 bytes).
    Removing stm32f4xx_dma.o(i.DMA_GetCmdStatus), (20 bytes).
    Removing stm32f4xx_dma.o(i.DMA_GetCurrDataCounter), (8 bytes).
    Removing stm32f4xx_dma.o(i.DMA_GetCurrentMemoryTarget), (20 bytes).
    Removing stm32f4xx_dma.o(i.DMA_GetFIFOStatus), (12 bytes).
    Removing stm32f4xx_dma.o(i.DMA_GetFlagStatus), (68 bytes).
    Removing stm32f4xx_dma.o(i.DMA_GetITStatus), (100 bytes).
    Removing stm32f4xx_dma.o(i.DMA_ITConfig), (58 bytes).
    Removing stm32f4xx_dma.o(i.DMA_Init), (88 bytes).
    Removing stm32f4xx_dma.o(i.DMA_MemoryTargetConfig), (10 bytes).
    Removing stm32f4xx_dma.o(i.DMA_PeriphIncOffsetSizeConfig), (22 bytes).
    Removing stm32f4xx_dma.o(i.DMA_SetCurrDataCounter), (4 bytes).
    Removing stm32f4xx_dma.o(i.DMA_StructInit), (34 bytes).
    Removing stm32f4xx_sdio.o(.rev16_text), (4 bytes).
    Removing stm32f4xx_sdio.o(.revsh_text), (4 bytes).
    Removing stm32f4xx_sdio.o(.rrx_text), (6 bytes).
    Removing stm32f4xx_sdio.o(i.SDIO_CEATAITCmd), (16 bytes).
    Removing stm32f4xx_sdio.o(i.SDIO_ClearITPendingBit), (12 bytes).
    Removing stm32f4xx_sdio.o(i.SDIO_ClockCmd), (12 bytes).
    Removing stm32f4xx_sdio.o(i.SDIO_CmdStructInit), (14 bytes).
    Removing stm32f4xx_sdio.o(i.SDIO_CommandCompletionCmd), (12 bytes).
    Removing stm32f4xx_sdio.o(i.SDIO_DMACmd), (12 bytes).
    Removing stm32f4xx_sdio.o(i.SDIO_DataStructInit), (20 bytes).
    Removing stm32f4xx_sdio.o(i.SDIO_DeInit), (22 bytes).
    Removing stm32f4xx_sdio.o(i.SDIO_GetCommandResponse), (12 bytes).
    Removing stm32f4xx_sdio.o(i.SDIO_GetDataCounter), (12 bytes).
    Removing stm32f4xx_sdio.o(i.SDIO_GetFIFOCount), (12 bytes).
    Removing stm32f4xx_sdio.o(i.SDIO_GetITStatus), (24 bytes).
    Removing stm32f4xx_sdio.o(i.SDIO_GetResponse), (24 bytes).
    Removing stm32f4xx_sdio.o(i.SDIO_ITConfig), (32 bytes).
    Removing stm32f4xx_sdio.o(i.SDIO_ReadData), (12 bytes).
    Removing stm32f4xx_sdio.o(i.SDIO_SendCEATACmd), (12 bytes).
    Removing stm32f4xx_sdio.o(i.SDIO_SendSDIOSuspendCmd), (12 bytes).
    Removing stm32f4xx_sdio.o(i.SDIO_SetSDIOOperation), (12 bytes).
    Removing stm32f4xx_sdio.o(i.SDIO_SetSDIOReadWaitMode), (12 bytes).
    Removing stm32f4xx_sdio.o(i.SDIO_StartSDIOReadWait), (12 bytes).
    Removing stm32f4xx_sdio.o(i.SDIO_StopSDIOReadWait), (12 bytes).
    Removing stm32f4xx_sdio.o(i.SDIO_StructInit), (16 bytes).
    Removing stm32f4xx_sdio.o(i.SDIO_WriteData), (12 bytes).
    Removing exfuns.o(.rev16_text), (4 bytes).
    Removing exfuns.o(.revsh_text), (4 bytes).
    Removing exfuns.o(.rrx_text), (6 bytes).
    Removing exfuns.o(i.char_upper), (26 bytes).
    Removing exfuns.o(i.exf_getfree), (74 bytes).
    Removing exfuns.o(i.f_typetell), (180 bytes).
    Removing exfuns.o(.constdata), (112 bytes).
    Removing exfuns.o(.conststring), (68 bytes).
    Removing diskio.o(.rev16_text), (4 bytes).
    Removing diskio.o(.revsh_text), (4 bytes).
    Removing diskio.o(.rrx_text), (6 bytes).
    Removing diskio.o(i.disk_initialize), (32 bytes).
    Removing diskio.o(i.disk_ioctl), (108 bytes).
    Removing diskio.o(i.disk_read), (86 bytes).
    Removing diskio.o(i.disk_status), (6 bytes).
    Removing diskio.o(i.disk_write), (86 bytes).
    Removing diskio.o(i.ff_memalloc), (14 bytes).
    Removing diskio.o(i.ff_memfree), (14 bytes).
    Removing diskio.o(i.get_fattime), (4 bytes).
    Removing ff.o(i.check_fs), (144 bytes).
    Removing ff.o(i.chk_chr), (20 bytes).
    Removing ff.o(i.clmt_clust), (50 bytes).
    Removing ff.o(i.clust2sect), (26 bytes).
    Removing ff.o(i.create_chain), (214 bytes).
    Removing ff.o(i.create_name), (344 bytes).
    Removing ff.o(i.dir_alloc), (92 bytes).
    Removing ff.o(i.dir_find), (92 bytes).
    Removing ff.o(i.dir_next), (272 bytes).
    Removing ff.o(i.dir_read), (110 bytes).
    Removing ff.o(i.dir_register), (58 bytes).
    Removing ff.o(i.dir_remove), (54 bytes).
    Removing ff.o(i.dir_sdi), (158 bytes).
    Removing ff.o(i.f_chmod), (84 bytes).
    Removing ff.o(i.f_close), (36 bytes).
    Removing ff.o(i.f_closedir), (22 bytes).
    Removing ff.o(i.f_getfree), (258 bytes).
    Removing ff.o(i.f_getlabel), (190 bytes).
    Removing ff.o(i.f_gets), (82 bytes).
    Removing ff.o(i.f_lseek), (654 bytes).
    Removing ff.o(i.f_mkdir), (352 bytes).
    Removing ff.o(i.f_mkfs), (1600 bytes).
    Removing ff.o(i.f_mount), (92 bytes).
    Removing ff.o(i.f_open), (356 bytes).
    Removing ff.o(i.f_opendir), (110 bytes).
    Removing ff.o(i.f_printf), (628 bytes).
    Removing ff.o(i.f_putc), (64 bytes).
    Removing ff.o(i.f_puts), (74 bytes).
    Removing ff.o(i.f_read), (432 bytes).
    Removing ff.o(i.f_readdir), (88 bytes).
    Removing ff.o(i.f_rename), (284 bytes).
    Removing ff.o(i.f_setlabel), (480 bytes).
    Removing ff.o(i.f_stat), (60 bytes).
    Removing ff.o(i.f_sync), (176 bytes).
    Removing ff.o(i.f_truncate), (184 bytes).
    Removing ff.o(i.f_unlink), (170 bytes).
    Removing ff.o(i.f_utime), (86 bytes).
    Removing ff.o(i.f_write), (490 bytes).
    Removing ff.o(i.find_volume), (904 bytes).
    Removing ff.o(i.follow_path), (144 bytes).
    Removing ff.o(i.get_fat), (232 bytes).
    Removing ff.o(i.get_fileinfo), (112 bytes).
    Removing ff.o(i.get_ldnumber), (74 bytes).
    Removing ff.o(i.ld_clust), (32 bytes).
    Removing ff.o(i.mem_cmp), (38 bytes).
    Removing ff.o(i.mem_cpy), (26 bytes).
    Removing ff.o(i.mem_set), (20 bytes).
    Removing ff.o(i.move_window), (50 bytes).
    Removing ff.o(i.put_fat), (310 bytes).
    Removing ff.o(i.putc_bfd), (68 bytes).
    Removing ff.o(i.remove_chain), (108 bytes).
    Removing ff.o(i.st_clust), (16 bytes).
    Removing ff.o(i.sync_fs), (200 bytes).
    Removing ff.o(i.sync_window), (76 bytes).
    Removing ff.o(i.validate), (54 bytes).
    Removing ff.o(.bss), (12 bytes).
    Removing ff.o(.constdata), (44 bytes).
    Removing ff.o(.data), (2 bytes).

290 unused section(s) (total 130220 bytes) removed from the image.

==============================================================================

Image Symbol Table

    Local Symbols

    Symbol Name                              Value     Ov Type        Size  Object(Section)

    ../clib/angel/boardlib.s                 0x00000000   Number         0  boardinit2.o ABSOLUTE
    ../clib/angel/boardlib.s                 0x00000000   Number         0  boardinit3.o ABSOLUTE
    ../clib/angel/boardlib.s                 0x00000000   Number         0  boardshut.o ABSOLUTE
    ../clib/angel/boardlib.s                 0x00000000   Number         0  boardinit1.o ABSOLUTE
    ../clib/angel/handlers.s                 0x00000000   Number         0  __scatter_zi.o ABSOLUTE
    ../clib/angel/handlers.s                 0x00000000   Number         0  __scatter_copy.o ABSOLUTE
    ../clib/angel/kernel.s                   0x00000000   Number         0  rtexit.o ABSOLUTE
    ../clib/angel/kernel.s                   0x00000000   Number         0  rtexit2.o ABSOLUTE
    ../clib/angel/kernel.s                   0x00000000   Number         0  __rtentry.o ABSOLUTE
    ../clib/angel/kernel.s                   0x00000000   Number         0  __rtentry4.o ABSOLUTE
    ../clib/angel/kernel.s                   0x00000000   Number         0  __rtentry2.o ABSOLUTE
    ../clib/angel/rt.s                       0x00000000   Number         0  rt_raise.o ABSOLUTE
    ../clib/angel/rt.s                       0x00000000   Number         0  aeabi_ldiv0.o ABSOLUTE
    ../clib/angel/rt.s                       0x00000000   Number         0  aeabi_ldiv0_sigfpe.o ABSOLUTE
    ../clib/angel/rt.s                       0x00000000   Number         0  rt_div0.o ABSOLUTE
    ../clib/angel/scatter.s                  0x00000000   Number         0  __scatter.o ABSOLUTE
    ../clib/angel/startup.s                  0x00000000   Number         0  __main.o ABSOLUTE
    ../clib/angel/sys.s                      0x00000000   Number         0  libspace.o ABSOLUTE
    ../clib/angel/sys.s                      0x00000000   Number         0  indicate_semi.o ABSOLUTE
    ../clib/angel/sys.s                      0x00000000   Number         0  use_no_semi.o ABSOLUTE
    ../clib/angel/sys.s                      0x00000000   Number         0  use_no_semi_2.o ABSOLUTE
    ../clib/angel/sys.s                      0x00000000   Number         0  sys_stackheap_outer.o ABSOLUTE
    ../clib/angel/sysapp.c                   0x00000000   Number         0  sys_wrch.o ABSOLUTE
    ../clib/angel/sysapp.c                   0x00000000   Number         0  sys_command.o ABSOLUTE
    ../clib/armsys.c                         0x00000000   Number         0  no_argv.o ABSOLUTE
    ../clib/armsys.c                         0x00000000   Number         0  _get_argv_nomalloc.o ABSOLUTE
    ../clib/armsys.c                         0x00000000   Number         0  argv_veneer.o ABSOLUTE
    ../clib/armsys.c                         0x00000000   Number         0  argv_veneer.o ABSOLUTE
    ../clib/heapalloc.c                      0x00000000   Number         0  hrguard.o ABSOLUTE
    ../clib/heapaux.c                        0x00000000   Number         0  heapauxi.o ABSOLUTE
    ../clib/libinit.s                        0x00000000   Number         0  libinit.o ABSOLUTE
    ../clib/libinit.s                        0x00000000   Number         0  libinit2.o ABSOLUTE
    ../clib/libinit.s                        0x00000000   Number         0  libshutdown.o ABSOLUTE
    ../clib/libinit.s                        0x00000000   Number         0  libshutdown2.o ABSOLUTE
    ../clib/longlong.s                       0x00000000   Number         0  lludivv7m.o ABSOLUTE
    ../clib/longlong.s                       0x00000000   Number         0  llsdiv.o ABSOLUTE
    ../clib/memcpset.s                       0x00000000   Number         0  strcmpv7m.o ABSOLUTE
    ../clib/memcpset.s                       0x00000000   Number         0  rt_memcpy_v6.o ABSOLUTE
    ../clib/memcpset.s                       0x00000000   Number         0  rt_memcpy_w.o ABSOLUTE
    ../clib/printf.c                         0x00000000   Number         0  noretval__2printf.o ABSOLUTE
    ../clib/printf.c                         0x00000000   Number         0  _printf_char_common.o ABSOLUTE
    ../clib/printf.c                         0x00000000   Number         0  _printf_hex_ptr.o ABSOLUTE
    ../clib/printf.c                         0x00000000   Number         0  _printf_hex_int_ll_ptr.o ABSOLUTE
    ../clib/printf.c                         0x00000000   Number         0  __printf_flags_wp.o ABSOLUTE
    ../clib/printf.c                         0x00000000   Number         0  __printf_flags_ss_wp.o ABSOLUTE
    ../clib/printf.c                         0x00000000   Number         0  _printf_hex_int_ptr.o ABSOLUTE
    ../clib/printf.c                         0x00000000   Number         0  _printf_char_file.o ABSOLUTE
    ../clib/printf.c                         0x00000000   Number         0  __printf_ss_wp.o ABSOLUTE
    ../clib/printf.c                         0x00000000   Number         0  _printf_intcommon.o ABSOLUTE
    ../clib/printf.c                         0x00000000   Number         0  _printf_hex_int_ll.o ABSOLUTE
    ../clib/printf.c                         0x00000000   Number         0  __printf_wp.o ABSOLUTE
    ../clib/printf.c                         0x00000000   Number         0  __2printf.o ABSOLUTE
    ../clib/printf.c                         0x00000000   Number         0  _printf_hex_ll_ptr.o ABSOLUTE
    ../clib/printf.c                         0x00000000   Number         0  __printf_flags_ss.o ABSOLUTE
    ../clib/printf.c                         0x00000000   Number         0  __printf.o ABSOLUTE
    ../clib/printf.c                         0x00000000   Number         0  __printf_ss.o ABSOLUTE
    ../clib/printf.c                         0x00000000   Number         0  __printf_flags.o ABSOLUTE
    ../clib/printf.c                         0x00000000   Number         0  _printf_hex_ll.o ABSOLUTE
    ../clib/printf.c                         0x00000000   Number         0  _printf_dec.o ABSOLUTE
    ../clib/printf.c                         0x00000000   Number         0  _printf_hex_int.o ABSOLUTE
    ../clib/printf.c                         0x00000000   Number         0  __printf_nopercent.o ABSOLUTE
    ../clib/printf_percent.s                 0x00000000   Number         0  _printf_percent.o ABSOLUTE
    ../clib/printf_percent.s                 0x00000000   Number         0  _printf_d.o ABSOLUTE
    ../clib/printf_percent.s                 0x00000000   Number         0  _printf_x.o ABSOLUTE
    ../clib/printf_percent.s                 0x00000000   Number         0  _printf_percent_end.o ABSOLUTE
    ../clib/signal.c                         0x00000000   Number         0  defsig_abrt_inner.o ABSOLUTE
    ../clib/signal.c                         0x00000000   Number         0  defsig_fpe_formal.o ABSOLUTE
    ../clib/signal.c                         0x00000000   Number         0  defsig_segv_inner.o ABSOLUTE
    ../clib/signal.c                         0x00000000   Number         0  defsig_rtmem_inner.o ABSOLUTE
    ../clib/signal.c                         0x00000000   Number         0  defsig_stak_inner.o ABSOLUTE
    ../clib/signal.c                         0x00000000   Number         0  defsig_pvfn_inner.o ABSOLUTE
    ../clib/signal.c                         0x00000000   Number         0  defsig_exit.o ABSOLUTE
    ../clib/signal.c                         0x00000000   Number         0  defsig_rtmem_formal.o ABSOLUTE
    ../clib/signal.c                         0x00000000   Number         0  defsig_other.o ABSOLUTE
    ../clib/signal.c                         0x00000000   Number         0  defsig_rtmem_outer.o ABSOLUTE
    ../clib/signal.c                         0x00000000   Number         0  defsig_general.o ABSOLUTE
    ../clib/signal.c                         0x00000000   Number         0  defsig_fpe_outer.o ABSOLUTE
    ../clib/signal.c                         0x00000000   Number         0  defsig_fpe_inner.o ABSOLUTE
    ../clib/signal.c                         0x00000000   Number         0  __raise.o ABSOLUTE
    ../clib/signal.c                         0x00000000   Number         0  defsig_rtred_inner.o ABSOLUTE
    ../clib/signal.c                         0x00000000   Number         0  defsig_cppl_inner.o ABSOLUTE
    ../clib/signal.s                         0x00000000   Number         0  defsig.o ABSOLUTE
    ../clib/stdio.c                          0x00000000   Number         0  ferror_locked.o ABSOLUTE
    ../clib/stdio.c                          0x00000000   Number         0  ferror.o ABSOLUTE
    ../clib/stdlib.c                         0x00000000   Number         0  exit.o ABSOLUTE
    ../clib/string.c                         0x00000000   Number         0  strcpy.o ABSOLUTE
    ../fplib/fpinit.s                        0x00000000   Number         0  fpinit.o ABSOLUTE
    ..\BSP_USER\LED\led.c                    0x00000000   Number         0  led.o ABSOLUTE
    ..\BSP_USER\MALLOC\malloc.c              0x00000000   Number         0  malloc.o ABSOLUTE
    ..\BSP_USER\SDIO_SD\sdio_sdcard.c        0x00000000   Number         0  sdio_sdcard.o ABSOLUTE
    ..\CORE\startup_stm32f40_41xxx.s         0x00000000   Number         0  startup_stm32f40_41xxx.o ABSOLUTE
    ..\Common\delay.c                        0x00000000   Number         0  delay.o ABSOLUTE
    ..\Common\sys.c                          0x00000000   Number         0  sys.o ABSOLUTE
    ..\Common\usart1.c                       0x00000000   Number         0  usart1.o ABSOLUTE
    ..\FATFS\exfuns\exfuns.c                 0x00000000   Number         0  exfuns.o ABSOLUTE
    ..\FATFS\src\diskio.c                    0x00000000   Number         0  diskio.o ABSOLUTE
    ..\FATFS\src\ff.c                        0x00000000   Number         0  ff.o ABSOLUTE
    ..\STM32f4_LIB\src\misc.c                0x00000000   Number         0  misc.o ABSOLUTE
    ..\STM32f4_LIB\src\stm32f4xx_dma.c       0x00000000   Number         0  stm32f4xx_dma.o ABSOLUTE
    ..\STM32f4_LIB\src\stm32f4xx_gpio.c      0x00000000   Number         0  stm32f4xx_gpio.o ABSOLUTE
    ..\STM32f4_LIB\src\stm32f4xx_rcc.c       0x00000000   Number         0  stm32f4xx_rcc.o ABSOLUTE
    ..\STM32f4_LIB\src\stm32f4xx_sdio.c      0x00000000   Number         0  stm32f4xx_sdio.o ABSOLUTE
    ..\STM32f4_LIB\src\stm32f4xx_syscfg.c    0x00000000   Number         0  stm32f4xx_syscfg.o ABSOLUTE
    ..\STM32f4_LIB\src\stm32f4xx_usart.c     0x00000000   Number         0  stm32f4xx_usart.o ABSOLUTE
    ..\SYSTEM\main.c                         0x00000000   Number         0  main.o ABSOLUTE
    ..\SYSTEM\stm32f4xx_it.c                 0x00000000   Number         0  stm32f4xx_it.o ABSOLUTE
    ..\SYSTEM\system_stm32f4xx.c             0x00000000   Number         0  system_stm32f4xx.o ABSOLUTE
    ..\\BSP_USER\\LED\\led.c                 0x00000000   Number         0  led.o ABSOLUTE
    ..\\BSP_USER\\MALLOC\\malloc.c           0x00000000   Number         0  malloc.o ABSOLUTE
    ..\\BSP_USER\\SDIO_SD\\sdio_sdcard.c     0x00000000   Number         0  sdio_sdcard.o ABSOLUTE
    ..\\Common\\delay.c                      0x00000000   Number         0  delay.o ABSOLUTE
    ..\\Common\\sys.c                        0x00000000   Number         0  sys.o ABSOLUTE
    ..\\Common\\usart1.c                     0x00000000   Number         0  usart1.o ABSOLUTE
    ..\\FATFS\\exfuns\\exfuns.c              0x00000000   Number         0  exfuns.o ABSOLUTE
    ..\\FATFS\\src\\diskio.c                 0x00000000   Number         0  diskio.o ABSOLUTE
    ..\\STM32f4_LIB\\src\\misc.c             0x00000000   Number         0  misc.o ABSOLUTE
    ..\\STM32f4_LIB\\src\\stm32f4xx_dma.c    0x00000000   Number         0  stm32f4xx_dma.o ABSOLUTE
    ..\\STM32f4_LIB\\src\\stm32f4xx_gpio.c   0x00000000   Number         0  stm32f4xx_gpio.o ABSOLUTE
    ..\\STM32f4_LIB\\src\\stm32f4xx_rcc.c    0x00000000   Number         0  stm32f4xx_rcc.o ABSOLUTE
    ..\\STM32f4_LIB\\src\\stm32f4xx_sdio.c   0x00000000   Number         0  stm32f4xx_sdio.o ABSOLUTE
    ..\\STM32f4_LIB\\src\\stm32f4xx_syscfg.c 0x00000000   Number         0  stm32f4xx_syscfg.o ABSOLUTE
    ..\\STM32f4_LIB\\src\\stm32f4xx_usart.c  0x00000000   Number         0  stm32f4xx_usart.o ABSOLUTE
    ..\\SYSTEM\\main.c                       0x00000000   Number         0  main.o ABSOLUTE
    ..\\SYSTEM\\stm32f4xx_it.c               0x00000000   Number         0  stm32f4xx_it.o ABSOLUTE
    ..\\SYSTEM\\system_stm32f4xx.c           0x00000000   Number         0  system_stm32f4xx.o ABSOLUTE
    dc.s                                     0x00000000   Number         0  dc.o ABSOLUTE
    RESET                                    0x08000000   Section      392  startup_stm32f40_41xxx.o(RESET)
    !!!main                                  0x08000188   Section        8  __main.o(!!!main)
    !!!scatter                               0x08000190   Section       52  __scatter.o(!!!scatter)
    !!handler_copy                           0x080001c4   Section       26  __scatter_copy.o(!!handler_copy)
    !!handler_zi                             0x080001e0   Section       28  __scatter_zi.o(!!handler_zi)
    .ARM.Collect$$_printf_percent$$00000000  0x080001fc   Section        0  _printf_percent.o(.ARM.Collect$$_printf_percent$$00000000)
    .ARM.Collect$$_printf_percent$$00000009  0x080001fc   Section        6  _printf_d.o(.ARM.Collect$$_printf_percent$$00000009)
    .ARM.Collect$$_printf_percent$$0000000C  0x08000202   Section        6  _printf_x.o(.ARM.Collect$$_printf_percent$$0000000C)
    .ARM.Collect$$_printf_percent$$00000017  0x08000208   Section        4  _printf_percent_end.o(.ARM.Collect$$_printf_percent$$00000017)
    .ARM.Collect$$libinit$$00000000          0x0800020c   Section        2  libinit.o(.ARM.Collect$$libinit$$00000000)
    .ARM.Collect$$libinit$$00000001          0x0800020e   Section        4  libinit2.o(.ARM.Collect$$libinit$$00000001)
    .ARM.Collect$$libinit$$00000004          0x08000212   Section        0  libinit2.o(.ARM.Collect$$libinit$$00000004)
    .ARM.Collect$$libinit$$0000000A          0x08000212   Section        0  libinit2.o(.ARM.Collect$$libinit$$0000000A)
    .ARM.Collect$$libinit$$0000000C          0x08000212   Section        0  libinit2.o(.ARM.Collect$$libinit$$0000000C)
    .ARM.Collect$$libinit$$0000000E          0x08000212   Section        0  libinit2.o(.ARM.Collect$$libinit$$0000000E)
    .ARM.Collect$$libinit$$00000011          0x08000212   Section        0  libinit2.o(.ARM.Collect$$libinit$$00000011)
    .ARM.Collect$$libinit$$00000013          0x08000212   Section        0  libinit2.o(.ARM.Collect$$libinit$$00000013)
    .ARM.Collect$$libinit$$00000015          0x08000212   Section        0  libinit2.o(.ARM.Collect$$libinit$$00000015)
    .ARM.Collect$$libinit$$00000017          0x08000212   Section        0  libinit2.o(.ARM.Collect$$libinit$$00000017)
    .ARM.Collect$$libinit$$00000019          0x08000212   Section        0  libinit2.o(.ARM.Collect$$libinit$$00000019)
    .ARM.Collect$$libinit$$0000001B          0x08000212   Section        0  libinit2.o(.ARM.Collect$$libinit$$0000001B)
    .ARM.Collect$$libinit$$0000001D          0x08000212   Section        0  libinit2.o(.ARM.Collect$$libinit$$0000001D)
    .ARM.Collect$$libinit$$0000001F          0x08000212   Section        0  libinit2.o(.ARM.Collect$$libinit$$0000001F)
    .ARM.Collect$$libinit$$00000021          0x08000212   Section        0  libinit2.o(.ARM.Collect$$libinit$$00000021)
    .ARM.Collect$$libinit$$00000023          0x08000212   Section        0  libinit2.o(.ARM.Collect$$libinit$$00000023)
    .ARM.Collect$$libinit$$00000025          0x08000212   Section        0  libinit2.o(.ARM.Collect$$libinit$$00000025)
    .ARM.Collect$$libinit$$0000002C          0x08000212   Section        0  libinit2.o(.ARM.Collect$$libinit$$0000002C)
    .ARM.Collect$$libinit$$0000002E          0x08000212   Section        0  libinit2.o(.ARM.Collect$$libinit$$0000002E)
    .ARM.Collect$$libinit$$00000030          0x08000212   Section        0  libinit2.o(.ARM.Collect$$libinit$$00000030)
    .ARM.Collect$$libinit$$00000032          0x08000212   Section        0  libinit2.o(.ARM.Collect$$libinit$$00000032)
    .ARM.Collect$$libinit$$00000033          0x08000212   Section        2  libinit2.o(.ARM.Collect$$libinit$$00000033)
    .ARM.Collect$$libshutdown$$00000000      0x08000214   Section        2  libshutdown.o(.ARM.Collect$$libshutdown$$00000000)
    .ARM.Collect$$libshutdown$$00000002      0x08000216   Section        0  libshutdown2.o(.ARM.Collect$$libshutdown$$00000002)
    .ARM.Collect$$libshutdown$$00000004      0x08000216   Section        0  libshutdown2.o(.ARM.Collect$$libshutdown$$00000004)
    .ARM.Collect$$libshutdown$$00000007      0x08000216   Section        0  libshutdown2.o(.ARM.Collect$$libshutdown$$00000007)
    .ARM.Collect$$libshutdown$$0000000A      0x08000216   Section        0  libshutdown2.o(.ARM.Collect$$libshutdown$$0000000A)
    .ARM.Collect$$libshutdown$$0000000C      0x08000216   Section        0  libshutdown2.o(.ARM.Collect$$libshutdown$$0000000C)
    .ARM.Collect$$libshutdown$$0000000F      0x08000216   Section        0  libshutdown2.o(.ARM.Collect$$libshutdown$$0000000F)
    .ARM.Collect$$libshutdown$$00000010      0x08000216   Section        2  libshutdown2.o(.ARM.Collect$$libshutdown$$00000010)
    .ARM.Collect$$rtentry$$00000000          0x08000218   Section        0  __rtentry.o(.ARM.Collect$$rtentry$$00000000)
    .ARM.Collect$$rtentry$$00000002          0x08000218   Section        0  __rtentry2.o(.ARM.Collect$$rtentry$$00000002)
    .ARM.Collect$$rtentry$$00000004          0x08000218   Section        6  __rtentry4.o(.ARM.Collect$$rtentry$$00000004)
    .ARM.Collect$$rtentry$$00000009          0x0800021e   Section        0  __rtentry2.o(.ARM.Collect$$rtentry$$00000009)
    .ARM.Collect$$rtentry$$0000000A          0x0800021e   Section        4  __rtentry2.o(.ARM.Collect$$rtentry$$0000000A)
    .ARM.Collect$$rtentry$$0000000C          0x08000222   Section        0  __rtentry2.o(.ARM.Collect$$rtentry$$0000000C)
    .ARM.Collect$$rtentry$$0000000D          0x08000222   Section        8  __rtentry2.o(.ARM.Collect$$rtentry$$0000000D)
    .ARM.Collect$$rtexit$$00000000           0x0800022a   Section        2  rtexit.o(.ARM.Collect$$rtexit$$00000000)
    .ARM.Collect$$rtexit$$00000002           0x0800022c   Section        0  rtexit2.o(.ARM.Collect$$rtexit$$00000002)
    .ARM.Collect$$rtexit$$00000003           0x0800022c   Section        4  rtexit2.o(.ARM.Collect$$rtexit$$00000003)
    .ARM.Collect$$rtexit$$00000004           0x08000230   Section        6  rtexit2.o(.ARM.Collect$$rtexit$$00000004)
    .text                                    0x08000238   Section       64  startup_stm32f40_41xxx.o(.text)
    $v0                                      0x08000238   Number         0  startup_stm32f40_41xxx.o(.text)
    .text                                    0x08000278   Section        2  use_no_semi_2.o(.text)
    .text                                    0x0800027c   Section        0  noretval__2printf.o(.text)
    .text                                    0x08000294   Section        0  __printf.o(.text)
    .text                                    0x080002fc   Section        0  _printf_dec.o(.text)
    .text                                    0x08000374   Section        0  _printf_hex_int.o(.text)
    .text                                    0x080003cc   Section        0  heapauxi.o(.text)
    .text                                    0x080003d2   Section        2  use_no_semi.o(.text)
    .text                                    0x080003d4   Section        0  _printf_intcommon.o(.text)
    .text                                    0x08000488   Section        0  _printf_char_file.o(.text)
    .text                                    0x080004ac   Section        0  _printf_char_common.o(.text)
    _printf_input_char                       0x080004ad   Thumb Code    10  _printf_char_common.o(.text)
    .text                                    0x080004dc   Section        0  ferror.o(.text)
    .text                                    0x080004e4   Section       74  sys_stackheap_outer.o(.text)
    .text                                    0x0800052e   Section        0  exit.o(.text)
    .text                                    0x08000540   Section        8  libspace.o(.text)
    i.BusFault_Handler                       0x08000548   Section        0  stm32f4xx_it.o(i.BusFault_Handler)
    i.CmdError                               0x0800054c   Section        0  sdio_sdcard.o(i.CmdError)
    i.CmdResp1Error                          0x0800057c   Section        0  sdio_sdcard.o(i.CmdResp1Error)
    i.CmdResp2Error                          0x080005e0   Section        0  sdio_sdcard.o(i.CmdResp2Error)
    i.CmdResp3Error                          0x08000634   Section        0  sdio_sdcard.o(i.CmdResp3Error)
    i.CmdResp6Error                          0x0800066c   Section        0  sdio_sdcard.o(i.CmdResp6Error)
    i.CmdResp7Error                          0x08000700   Section        0  sdio_sdcard.o(i.CmdResp7Error)
    i.DebugMon_Handler                       0x0800074c   Section        0  stm32f4xx_it.o(i.DebugMon_Handler)
    i.FindSCR                                0x08000750   Section        0  sdio_sdcard.o(i.FindSCR)
    i.GPIO_Init                              0x080008e4   Section        0  stm32f4xx_gpio.o(i.GPIO_Init)
    i.GPIO_PinAFConfig                       0x08000974   Section        0  stm32f4xx_gpio.o(i.GPIO_PinAFConfig)
    i.GPIO_SetBits                           0x080009ba   Section        0  stm32f4xx_gpio.o(i.GPIO_SetBits)
    i.HardFault_Handler                      0x080009be   Section        0  stm32f4xx_it.o(i.HardFault_Handler)
    i.LED_Init                               0x080009c4   Section        0  led.o(i.LED_Init)
    i.MemManage_Handler                      0x08000a1c   Section        0  stm32f4xx_it.o(i.MemManage_Handler)
    i.NMI_Handler                            0x08000a20   Section        0  stm32f4xx_it.o(i.NMI_Handler)
    i.NVIC_Init                              0x08000a24   Section        0  misc.o(i.NVIC_Init)
    i.RCC_AHB1PeriphClockCmd                 0x08000a9c   Section        0  stm32f4xx_rcc.o(i.RCC_AHB1PeriphClockCmd)
    i.RCC_APB2PeriphClockCmd                 0x08000abc   Section        0  stm32f4xx_rcc.o(i.RCC_APB2PeriphClockCmd)
    i.RCC_APB2PeriphResetCmd                 0x08000adc   Section        0  stm32f4xx_rcc.o(i.RCC_APB2PeriphResetCmd)
    i.RCC_GetClocksFreq                      0x08000afc   Section        0  stm32f4xx_rcc.o(i.RCC_GetClocksFreq)
    i.SDEnWideBus                            0x08000be4   Section        0  sdio_sdcard.o(i.SDEnWideBus)
    i.SDIO_ClearFlag                         0x08000c90   Section        0  stm32f4xx_sdio.o(i.SDIO_ClearFlag)
    i.SDIO_Clock_Set                         0x08000c9c   Section        0  sdio_sdcard.o(i.SDIO_Clock_Set)
    i.SDIO_DataConfig                        0x08000cb0   Section        0  stm32f4xx_sdio.o(i.SDIO_DataConfig)
    i.SDIO_GetFlagStatus                     0x08000ce4   Section        0  stm32f4xx_sdio.o(i.SDIO_GetFlagStatus)
    i.SDIO_GetPowerState                     0x08000cfc   Section        0  stm32f4xx_sdio.o(i.SDIO_GetPowerState)
    i.SDIO_IRQHandler                        0x08000d0c   Section        0  sdio_sdcard.o(i.SDIO_IRQHandler)
    i.SDIO_Init                              0x08000d14   Section        0  stm32f4xx_sdio.o(i.SDIO_Init)
    i.SDIO_Register_Deinit                   0x08000d44   Section        0  sdio_sdcard.o(i.SDIO_Register_Deinit)
    i.SDIO_SendCommand                       0x08000d7c   Section        0  stm32f4xx_sdio.o(i.SDIO_SendCommand)
    i.SDIO_SetPowerState                     0x08000da8   Section        0  stm32f4xx_sdio.o(i.SDIO_SetPowerState)
    i.SD_EnableWideBusOperation              0x08000db4   Section        0  sdio_sdcard.o(i.SD_EnableWideBusOperation)
    i.SD_GetCardInfo                         0x08000e1c   Section        0  sdio_sdcard.o(i.SD_GetCardInfo)
    i.SD_Init                                0x08001130   Section        0  sdio_sdcard.o(i.SD_Init)
    i.SD_InitializeCards                     0x08001260   Section        0  sdio_sdcard.o(i.SD_InitializeCards)
    i.SD_PowerON                             0x080013c4   Section        0  sdio_sdcard.o(i.SD_PowerON)
    i.SD_ProcessIRQSrc                       0x080015a8   Section        0  sdio_sdcard.o(i.SD_ProcessIRQSrc)
    i.SD_SelectDeselect                      0x080016fc   Section        0  sdio_sdcard.o(i.SD_SelectDeselect)
    i.SD_SetDeviceMode                       0x0800172c   Section        0  sdio_sdcard.o(i.SD_SetDeviceMode)
    i.SVC_Handler                            0x08001744   Section        0  stm32f4xx_it.o(i.SVC_Handler)
    i.SetSysClock                            0x08001748   Section        0  system_stm32f4xx.o(i.SetSysClock)
    SetSysClock                              0x08001749   Thumb Code   220  system_stm32f4xx.o(i.SetSysClock)
    i.SysTick_CLKSourceConfig                0x08001834   Section        0  misc.o(i.SysTick_CLKSourceConfig)
    i.SystemInit                             0x0800185c   Section        0  system_stm32f4xx.o(i.SystemInit)
    i.USART1_IRQHandler                      0x080018c4   Section        0  usart1.o(i.USART1_IRQHandler)
    i.USART_ClearFlag                        0x08001990   Section        0  stm32f4xx_usart.o(i.USART_ClearFlag)
    i.USART_Cmd                              0x080019a2   Section        0  stm32f4xx_usart.o(i.USART_Cmd)
    i.USART_GetITStatus                      0x080019ba   Section        0  stm32f4xx_usart.o(i.USART_GetITStatus)
    i.USART_ITConfig                         0x08001a0e   Section        0  stm32f4xx_usart.o(i.USART_ITConfig)
    i.USART_Init                             0x08001a58   Section        0  stm32f4xx_usart.o(i.USART_Init)
    i.USART_ReceiveData                      0x08001b2c   Section        0  stm32f4xx_usart.o(i.USART_ReceiveData)
    i.UsageFault_Handler                     0x08001b36   Section        0  stm32f4xx_it.o(i.UsageFault_Handler)
    i._sys_exit                              0x08001b3a   Section        0  usart1.o(i._sys_exit)
    i.delay_init                             0x08001b40   Section        0  delay.o(i.delay_init)
    i.fputc                                  0x08001b7c   Section        0  usart1.o(i.fputc)
    i.main                                   0x08001b98   Section        0  main.o(i.main)
    i.uart_init                              0x08001bd0   Section        0  usart1.o(i.uart_init)
    x$fpl$fpinit                             0x08001c84   Section       10  fpinit.o(x$fpl$fpinit)
    $v0                                      0x08001c84   Number         0  fpinit.o(x$fpl$fpinit)
    .constdata                               0x08001c8e   Section       40  _printf_hex_int.o(.constdata)
    uc_hextab                                0x08001c8e   Data          20  _printf_hex_int.o(.constdata)
    lc_hextab                                0x08001ca2   Data          20  _printf_hex_int.o(.constdata)
    .ARM.__AT_0x10000000                     0x10000000   Section    61440  malloc.o(.ARM.__AT_0x10000000)
    .ARM.__AT_0x1000F000                     0x1000f000   Section     3840  malloc.o(.ARM.__AT_0x1000F000)
    .data                                    0x20000000   Section       16  sdio_sdcard.o(.data)
    CardType                                 0x20000000   Data           1  sdio_sdcard.o(.data)
    RCA                                      0x20000004   Data           4  sdio_sdcard.o(.data)
    DeviceMode                               0x20000008   Data           1  sdio_sdcard.o(.data)
    StopCondition                            0x20000009   Data           1  sdio_sdcard.o(.data)
    .data                                    0x20000010   Section        4  delay.o(.data)
    fac_us                                   0x20000010   Data           1  delay.o(.data)
    fac_ms                                   0x20000012   Data           2  delay.o(.data)
    .data                                    0x20000014   Section        6  usart1.o(.data)
    .data                                    0x2000001a   Section       16  stm32f4xx_rcc.o(.data)
    APBAHBPrescTable                         0x2000001a   Data          16  stm32f4xx_rcc.o(.data)
    .bss                                     0x20000030   Section      704  sdio_sdcard.o(.bss)
    CSD_Tab                                  0x20000074   Data          16  sdio_sdcard.o(.bss)
    CID_Tab                                  0x20000084   Data          16  sdio_sdcard.o(.bss)
    .bss                                     0x200002f0   Section      200  usart1.o(.bss)
    .bss                                     0x200003b8   Section       96  libspace.o(.bss)
    HEAP                                     0x20000418   Section      512  startup_stm32f40_41xxx.o(HEAP)
    Heap_Mem                                 0x20000418   Data         512  startup_stm32f40_41xxx.o(HEAP)
    STACK                                    0x20000618   Section     1024  startup_stm32f40_41xxx.o(STACK)
    Stack_Mem                                0x20000618   Data        1024  startup_stm32f40_41xxx.o(STACK)
    __initial_sp                             0x20000a18   Data           0  startup_stm32f40_41xxx.o(STACK)
    .ARM.__AT_0x68000000                     0x68000000   Section    983040  malloc.o(.ARM.__AT_0x68000000)
    .ARM.__AT_0x680F0000                     0x680f0000   Section    61440  malloc.o(.ARM.__AT_0x680F0000)

    Global Symbols

    Symbol Name                              Value     Ov Type        Size  Object(Section)

    BuildAttributes$$THM_ISAv4$E$P$D$K$B$S$7EM$VFPi3$EXTD16$VFPS$VFMA$PE$A:L22UL41UL21$X:L11$S22US41US21$IEEE1$IW$USESV6$~STKCKD$USESV7$~SHL$OSPACE$ROPI$EBA8$UX$STANDARDLIB$REQ8$PRES8$EABIv2 0x00000000   Number         0  anon$$obj.o ABSOLUTE
    __ARM_use_no_argv                        0x00000000   Number         0  main.o ABSOLUTE
    __ARM_exceptions_init                     - Undefined Weak Reference
    __alloca_initialize                       - Undefined Weak Reference
    __arm_preinit_                            - Undefined Weak Reference
    __cpp_initialize__aeabi_                  - Undefined Weak Reference
    __cxa_finalize                            - Undefined Weak Reference
    __rt_locale                               - Undefined Weak Reference
    __sigvec_lookup                           - Undefined Weak Reference
    _atexit_init                              - Undefined Weak Reference
    _call_atexit_fns                          - Undefined Weak Reference
    _clock_init                               - Undefined Weak Reference
    _fp_trap_init                             - Undefined Weak Reference
    _fp_trap_shutdown                         - Undefined Weak Reference
    _get_lc_collate                           - Undefined Weak Reference
    _get_lc_ctype                             - Undefined Weak Reference
    _get_lc_monetary                          - Undefined Weak Reference
    _get_lc_numeric                           - Undefined Weak Reference
    _get_lc_time                              - Undefined Weak Reference
    _getenv_init                              - Undefined Weak Reference
    _handle_redirection                       - Undefined Weak Reference
    _init_alloc                               - Undefined Weak Reference
    _init_user_alloc                          - Undefined Weak Reference
    _initio                                   - Undefined Weak Reference
    _mutex_acquire                            - Undefined Weak Reference
    _mutex_release                            - Undefined Weak Reference
    _printf_post_padding                      - Undefined Weak Reference
    _printf_pre_padding                       - Undefined Weak Reference
    _printf_truncate_signed                   - Undefined Weak Reference
    _printf_truncate_unsigned                 - Undefined Weak Reference
    _rand_init                                - Undefined Weak Reference
    _signal_finish                            - Undefined Weak Reference
    _signal_init                              - Undefined Weak Reference
    _terminate_alloc                          - Undefined Weak Reference
    _terminate_user_alloc                     - Undefined Weak Reference
    _terminateio                              - Undefined Weak Reference
    __Vectors_Size                           0x00000188   Number         0  startup_stm32f40_41xxx.o ABSOLUTE
    __Vectors                                0x08000000   Data           4  startup_stm32f40_41xxx.o(RESET)
    __Vectors_End                            0x08000188   Data           0  startup_stm32f40_41xxx.o(RESET)
    __main                                   0x08000189   Thumb Code     8  __main.o(!!!main)
    __scatterload                            0x08000191   Thumb Code     0  __scatter.o(!!!scatter)
    __scatterload_rt2                        0x08000191   Thumb Code    44  __scatter.o(!!!scatter)
    __scatterload_rt2_thumb_only             0x08000191   Thumb Code     0  __scatter.o(!!!scatter)
    __scatterload_null                       0x0800019f   Thumb Code     0  __scatter.o(!!!scatter)
    __scatterload_copy                       0x080001c5   Thumb Code    26  __scatter_copy.o(!!handler_copy)
    __scatterload_zeroinit                   0x080001e1   Thumb Code    28  __scatter_zi.o(!!handler_zi)
    _printf_d                                0x080001fd   Thumb Code     0  _printf_d.o(.ARM.Collect$$_printf_percent$$00000009)
    _printf_percent                          0x080001fd   Thumb Code     0  _printf_percent.o(.ARM.Collect$$_printf_percent$$00000000)
    _printf_x                                0x08000203   Thumb Code     0  _printf_x.o(.ARM.Collect$$_printf_percent$$0000000C)
    _printf_percent_end                      0x08000209   Thumb Code     0  _printf_percent_end.o(.ARM.Collect$$_printf_percent$$00000017)
    __rt_lib_init                            0x0800020d   Thumb Code     0  libinit.o(.ARM.Collect$$libinit$$00000000)
    __rt_lib_init_fp_1                       0x0800020f   Thumb Code     0  libinit2.o(.ARM.Collect$$libinit$$00000001)
    __rt_lib_init_alloca_1                   0x08000213   Thumb Code     0  libinit2.o(.ARM.Collect$$libinit$$0000002E)
    __rt_lib_init_argv_1                     0x08000213   Thumb Code     0  libinit2.o(.ARM.Collect$$libinit$$0000002C)
    __rt_lib_init_atexit_1                   0x08000213   Thumb Code     0  libinit2.o(.ARM.Collect$$libinit$$0000001B)
    __rt_lib_init_clock_1                    0x08000213   Thumb Code     0  libinit2.o(.ARM.Collect$$libinit$$00000021)
    __rt_lib_init_cpp_1                      0x08000213   Thumb Code     0  libinit2.o(.ARM.Collect$$libinit$$00000032)
    __rt_lib_init_exceptions_1               0x08000213   Thumb Code     0  libinit2.o(.ARM.Collect$$libinit$$00000030)
    __rt_lib_init_fp_trap_1                  0x08000213   Thumb Code     0  libinit2.o(.ARM.Collect$$libinit$$0000001F)
    __rt_lib_init_getenv_1                   0x08000213   Thumb Code     0  libinit2.o(.ARM.Collect$$libinit$$00000023)
    __rt_lib_init_heap_1                     0x08000213   Thumb Code     0  libinit2.o(.ARM.Collect$$libinit$$0000000A)
    __rt_lib_init_lc_collate_1               0x08000213   Thumb Code     0  libinit2.o(.ARM.Collect$$libinit$$00000011)
    __rt_lib_init_lc_ctype_1                 0x08000213   Thumb Code     0  libinit2.o(.ARM.Collect$$libinit$$00000013)
    __rt_lib_init_lc_monetary_1              0x08000213   Thumb Code     0  libinit2.o(.ARM.Collect$$libinit$$00000015)
    __rt_lib_init_lc_numeric_1               0x08000213   Thumb Code     0  libinit2.o(.ARM.Collect$$libinit$$00000017)
    __rt_lib_init_lc_time_1                  0x08000213   Thumb Code     0  libinit2.o(.ARM.Collect$$libinit$$00000019)
    __rt_lib_init_preinit_1                  0x08000213   Thumb Code     0  libinit2.o(.ARM.Collect$$libinit$$00000004)
    __rt_lib_init_rand_1                     0x08000213   Thumb Code     0  libinit2.o(.ARM.Collect$$libinit$$0000000E)
    __rt_lib_init_return                     0x08000213   Thumb Code     0  libinit2.o(.ARM.Collect$$libinit$$00000033)
    __rt_lib_init_signal_1                   0x08000213   Thumb Code     0  libinit2.o(.ARM.Collect$$libinit$$0000001D)
    __rt_lib_init_stdio_1                    0x08000213   Thumb Code     0  libinit2.o(.ARM.Collect$$libinit$$00000025)
    __rt_lib_init_user_alloc_1               0x08000213   Thumb Code     0  libinit2.o(.ARM.Collect$$libinit$$0000000C)
    __rt_lib_shutdown                        0x08000215   Thumb Code     0  libshutdown.o(.ARM.Collect$$libshutdown$$00000000)
    __rt_lib_shutdown_cpp_1                  0x08000217   Thumb Code     0  libshutdown2.o(.ARM.Collect$$libshutdown$$00000002)
    __rt_lib_shutdown_fp_trap_1              0x08000217   Thumb Code     0  libshutdown2.o(.ARM.Collect$$libshutdown$$00000007)
    __rt_lib_shutdown_heap_1                 0x08000217   Thumb Code     0  libshutdown2.o(.ARM.Collect$$libshutdown$$0000000F)
    __rt_lib_shutdown_return                 0x08000217   Thumb Code     0  libshutdown2.o(.ARM.Collect$$libshutdown$$00000010)
    __rt_lib_shutdown_signal_1               0x08000217   Thumb Code     0  libshutdown2.o(.ARM.Collect$$libshutdown$$0000000A)
    __rt_lib_shutdown_stdio_1                0x08000217   Thumb Code     0  libshutdown2.o(.ARM.Collect$$libshutdown$$00000004)
    __rt_lib_shutdown_user_alloc_1           0x08000217   Thumb Code     0  libshutdown2.o(.ARM.Collect$$libshutdown$$0000000C)
    __rt_entry                               0x08000219   Thumb Code     0  __rtentry.o(.ARM.Collect$$rtentry$$00000000)
    __rt_entry_presh_1                       0x08000219   Thumb Code     0  __rtentry2.o(.ARM.Collect$$rtentry$$00000002)
    __rt_entry_sh                            0x08000219   Thumb Code     0  __rtentry4.o(.ARM.Collect$$rtentry$$00000004)
    __rt_entry_li                            0x0800021f   Thumb Code     0  __rtentry2.o(.ARM.Collect$$rtentry$$0000000A)
    __rt_entry_postsh_1                      0x0800021f   Thumb Code     0  __rtentry2.o(.ARM.Collect$$rtentry$$00000009)
    __rt_entry_main                          0x08000223   Thumb Code     0  __rtentry2.o(.ARM.Collect$$rtentry$$0000000D)
    __rt_entry_postli_1                      0x08000223   Thumb Code     0  __rtentry2.o(.ARM.Collect$$rtentry$$0000000C)
    __rt_exit                                0x0800022b   Thumb Code     0  rtexit.o(.ARM.Collect$$rtexit$$00000000)
    __rt_exit_ls                             0x0800022d   Thumb Code     0  rtexit2.o(.ARM.Collect$$rtexit$$00000003)
    __rt_exit_prels_1                        0x0800022d   Thumb Code     0  rtexit2.o(.ARM.Collect$$rtexit$$00000002)
    __rt_exit_exit                           0x08000231   Thumb Code     0  rtexit2.o(.ARM.Collect$$rtexit$$00000004)
    Reset_Handler                            0x08000239   Thumb Code     8  startup_stm32f40_41xxx.o(.text)
    PendSV_Handler                           0x0800024f   Thumb Code     2  startup_stm32f40_41xxx.o(.text)
    SysTick_Handler                          0x08000251   Thumb Code     2  startup_stm32f40_41xxx.o(.text)
    ADC_IRQHandler                           0x08000253   Thumb Code     0  startup_stm32f40_41xxx.o(.text)
    CAN1_RX0_IRQHandler                      0x08000253   Thumb Code     0  startup_stm32f40_41xxx.o(.text)
    CAN1_RX1_IRQHandler                      0x08000253   Thumb Code     0  startup_stm32f40_41xxx.o(.text)
    CAN1_SCE_IRQHandler                      0x08000253   Thumb Code     0  startup_stm32f40_41xxx.o(.text)
    CAN1_TX_IRQHandler                       0x08000253   Thumb Code     0  startup_stm32f40_41xxx.o(.text)
    CAN2_RX0_IRQHandler                      0x08000253   Thumb Code     0  startup_stm32f40_41xxx.o(.text)
    CAN2_RX1_IRQHandler                      0x08000253   Thumb Code     0  startup_stm32f40_41xxx.o(.text)
    CAN2_SCE_IRQHandler                      0x08000253   Thumb Code     0  startup_stm32f40_41xxx.o(.text)
    CAN2_TX_IRQHandler                       0x08000253   Thumb Code     0  startup_stm32f40_41xxx.o(.text)
    CRYP_IRQHandler                          0x08000253   Thumb Code     0  startup_stm32f40_41xxx.o(.text)
    DCMI_IRQHandler                          0x08000253   Thumb Code     0  startup_stm32f40_41xxx.o(.text)
    DMA1_Stream0_IRQHandler                  0x08000253   Thumb Code     0  startup_stm32f40_41xxx.o(.text)
    DMA1_Stream1_IRQHandler                  0x08000253   Thumb Code     0  startup_stm32f40_41xxx.o(.text)
    DMA1_Stream2_IRQHandler                  0x08000253   Thumb Code     0  startup_stm32f40_41xxx.o(.text)
    DMA1_Stream3_IRQHandler                  0x08000253   Thumb Code     0  startup_stm32f40_41xxx.o(.text)
    DMA1_Stream4_IRQHandler                  0x08000253   Thumb Code     0  startup_stm32f40_41xxx.o(.text)
    DMA1_Stream5_IRQHandler                  0x08000253   Thumb Code     0  startup_stm32f40_41xxx.o(.text)
    DMA1_Stream6_IRQHandler                  0x08000253   Thumb Code     0  startup_stm32f40_41xxx.o(.text)
    DMA1_Stream7_IRQHandler                  0x08000253   Thumb Code     0  startup_stm32f40_41xxx.o(.text)
    DMA2_Stream0_IRQHandler                  0x08000253   Thumb Code     0  startup_stm32f40_41xxx.o(.text)
    DMA2_Stream1_IRQHandler                  0x08000253   Thumb Code     0  startup_stm32f40_41xxx.o(.text)
    DMA2_Stream2_IRQHandler                  0x08000253   Thumb Code     0  startup_stm32f40_41xxx.o(.text)
    DMA2_Stream3_IRQHandler                  0x08000253   Thumb Code     0  startup_stm32f40_41xxx.o(.text)
    DMA2_Stream4_IRQHandler                  0x08000253   Thumb Code     0  startup_stm32f40_41xxx.o(.text)
    DMA2_Stream5_IRQHandler                  0x08000253   Thumb Code     0  startup_stm32f40_41xxx.o(.text)
    DMA2_Stream6_IRQHandler                  0x08000253   Thumb Code     0  startup_stm32f40_41xxx.o(.text)
    DMA2_Stream7_IRQHandler                  0x08000253   Thumb Code     0  startup_stm32f40_41xxx.o(.text)
    ETH_IRQHandler                           0x08000253   Thumb Code     0  startup_stm32f40_41xxx.o(.text)
    ETH_WKUP_IRQHandler                      0x08000253   Thumb Code     0  startup_stm32f40_41xxx.o(.text)
    EXTI0_IRQHandler                         0x08000253   Thumb Code     0  startup_stm32f40_41xxx.o(.text)
    EXTI15_10_IRQHandler                     0x08000253   Thumb Code     0  startup_stm32f40_41xxx.o(.text)
    EXTI1_IRQHandler                         0x08000253   Thumb Code     0  startup_stm32f40_41xxx.o(.text)
    EXTI2_IRQHandler                         0x08000253   Thumb Code     0  startup_stm32f40_41xxx.o(.text)
    EXTI3_IRQHandler                         0x08000253   Thumb Code     0  startup_stm32f40_41xxx.o(.text)
    EXTI4_IRQHandler                         0x08000253   Thumb Code     0  startup_stm32f40_41xxx.o(.text)
    EXTI9_5_IRQHandler                       0x08000253   Thumb Code     0  startup_stm32f40_41xxx.o(.text)
    FLASH_IRQHandler                         0x08000253   Thumb Code     0  startup_stm32f40_41xxx.o(.text)
    FPU_IRQHandler                           0x08000253   Thumb Code     0  startup_stm32f40_41xxx.o(.text)
    FSMC_IRQHandler                          0x08000253   Thumb Code     0  startup_stm32f40_41xxx.o(.text)
    HASH_RNG_IRQHandler                      0x08000253   Thumb Code     0  startup_stm32f40_41xxx.o(.text)
    I2C1_ER_IRQHandler                       0x08000253   Thumb Code     0  startup_stm32f40_41xxx.o(.text)
    I2C1_EV_IRQHandler                       0x08000253   Thumb Code     0  startup_stm32f40_41xxx.o(.text)
    I2C2_ER_IRQHandler                       0x08000253   Thumb Code     0  startup_stm32f40_41xxx.o(.text)
    I2C2_EV_IRQHandler                       0x08000253   Thumb Code     0  startup_stm32f40_41xxx.o(.text)
    I2C3_ER_IRQHandler                       0x08000253   Thumb Code     0  startup_stm32f40_41xxx.o(.text)
    I2C3_EV_IRQHandler                       0x08000253   Thumb Code     0  startup_stm32f40_41xxx.o(.text)
    OTG_FS_IRQHandler                        0x08000253   Thumb Code     0  startup_stm32f40_41xxx.o(.text)
    OTG_FS_WKUP_IRQHandler                   0x08000253   Thumb Code     0  startup_stm32f40_41xxx.o(.text)
    OTG_HS_EP1_IN_IRQHandler                 0x08000253   Thumb Code     0  startup_stm32f40_41xxx.o(.text)
    OTG_HS_EP1_OUT_IRQHandler                0x08000253   Thumb Code     0  startup_stm32f40_41xxx.o(.text)
    OTG_HS_IRQHandler                        0x08000253   Thumb Code     0  startup_stm32f40_41xxx.o(.text)
    OTG_HS_WKUP_IRQHandler                   0x08000253   Thumb Code     0  startup_stm32f40_41xxx.o(.text)
    PVD_IRQHandler                           0x08000253   Thumb Code     0  startup_stm32f40_41xxx.o(.text)
    RCC_IRQHandler                           0x08000253   Thumb Code     0  startup_stm32f40_41xxx.o(.text)
    RTC_Alarm_IRQHandler                     0x08000253   Thumb Code     0  startup_stm32f40_41xxx.o(.text)
    RTC_WKUP_IRQHandler                      0x08000253   Thumb Code     0  startup_stm32f40_41xxx.o(.text)
    SPI1_IRQHandler                          0x08000253   Thumb Code     0  startup_stm32f40_41xxx.o(.text)
    SPI2_IRQHandler                          0x08000253   Thumb Code     0  startup_stm32f40_41xxx.o(.text)
    SPI3_IRQHandler                          0x08000253   Thumb Code     0  startup_stm32f40_41xxx.o(.text)
    TAMP_STAMP_IRQHandler                    0x08000253   Thumb Code     0  startup_stm32f40_41xxx.o(.text)
    TIM1_BRK_TIM9_IRQHandler                 0x08000253   Thumb Code     0  startup_stm32f40_41xxx.o(.text)
    TIM1_CC_IRQHandler                       0x08000253   Thumb Code     0  startup_stm32f40_41xxx.o(.text)
    TIM1_TRG_COM_TIM11_IRQHandler            0x08000253   Thumb Code     0  startup_stm32f40_41xxx.o(.text)
    TIM1_UP_TIM10_IRQHandler                 0x08000253   Thumb Code     0  startup_stm32f40_41xxx.o(.text)
    TIM2_IRQHandler                          0x08000253   Thumb Code     0  startup_stm32f40_41xxx.o(.text)
    TIM3_IRQHandler                          0x08000253   Thumb Code     0  startup_stm32f40_41xxx.o(.text)
    TIM4_IRQHandler                          0x08000253   Thumb Code     0  startup_stm32f40_41xxx.o(.text)
    TIM5_IRQHandler                          0x08000253   Thumb Code     0  startup_stm32f40_41xxx.o(.text)
    TIM6_DAC_IRQHandler                      0x08000253   Thumb Code     0  startup_stm32f40_41xxx.o(.text)
    TIM7_IRQHandler                          0x08000253   Thumb Code     0  startup_stm32f40_41xxx.o(.text)
    TIM8_BRK_TIM12_IRQHandler                0x08000253   Thumb Code     0  startup_stm32f40_41xxx.o(.text)
    TIM8_CC_IRQHandler                       0x08000253   Thumb Code     0  startup_stm32f40_41xxx.o(.text)
    TIM8_TRG_COM_TIM14_IRQHandler            0x08000253   Thumb Code     0  startup_stm32f40_41xxx.o(.text)
    TIM8_UP_TIM13_IRQHandler                 0x08000253   Thumb Code     0  startup_stm32f40_41xxx.o(.text)
    UART4_IRQHandler                         0x08000253   Thumb Code     0  startup_stm32f40_41xxx.o(.text)
    UART5_IRQHandler                         0x08000253   Thumb Code     0  startup_stm32f40_41xxx.o(.text)
    USART2_IRQHandler                        0x08000253   Thumb Code     0  startup_stm32f40_41xxx.o(.text)
    USART3_IRQHandler                        0x08000253   Thumb Code     0  startup_stm32f40_41xxx.o(.text)
    USART6_IRQHandler                        0x08000253   Thumb Code     0  startup_stm32f40_41xxx.o(.text)
    WWDG_IRQHandler                          0x08000253   Thumb Code     0  startup_stm32f40_41xxx.o(.text)
    __user_initial_stackheap                 0x08000255   Thumb Code     0  startup_stm32f40_41xxx.o(.text)
    __use_no_semihosting                     0x08000279   Thumb Code     2  use_no_semi_2.o(.text)
    __2printf                                0x0800027d   Thumb Code    20  noretval__2printf.o(.text)
    __printf                                 0x08000295   Thumb Code   104  __printf.o(.text)
    _printf_int_dec                          0x080002fd   Thumb Code   104  _printf_dec.o(.text)
    _printf_int_hex                          0x08000375   Thumb Code    84  _printf_hex_int.o(.text)
    _printf_longlong_hex                     0x08000375   Thumb Code     0  _printf_hex_int.o(.text)
    __use_two_region_memory                  0x080003cd   Thumb Code     2  heapauxi.o(.text)
    __rt_heap_escrow$2region                 0x080003cf   Thumb Code     2  heapauxi.o(.text)
    __rt_heap_expand$2region                 0x080003d1   Thumb Code     2  heapauxi.o(.text)
    __I$use$semihosting                      0x080003d3   Thumb Code     0  use_no_semi.o(.text)
    __use_no_semihosting_swi                 0x080003d3   Thumb Code     2  use_no_semi.o(.text)
    _printf_int_common                       0x080003d5   Thumb Code   178  _printf_intcommon.o(.text)
    _printf_char_file                        0x08000489   Thumb Code    32  _printf_char_file.o(.text)
    _printf_char_common                      0x080004b7   Thumb Code    32  _printf_char_common.o(.text)
    ferror                                   0x080004dd   Thumb Code     8  ferror.o(.text)
    __user_setup_stackheap                   0x080004e5   Thumb Code    74  sys_stackheap_outer.o(.text)
    exit                                     0x0800052f   Thumb Code    18  exit.o(.text)
    __user_libspace                          0x08000541   Thumb Code     8  libspace.o(.text)
    __user_perproc_libspace                  0x08000541   Thumb Code     0  libspace.o(.text)
    __user_perthread_libspace                0x08000541   Thumb Code     0  libspace.o(.text)
    BusFault_Handler                         0x08000549   Thumb Code     4  stm32f4xx_it.o(i.BusFault_Handler)
    CmdError                                 0x0800054d   Thumb Code    48  sdio_sdcard.o(i.CmdError)
    CmdResp1Error                            0x0800057d   Thumb Code    94  sdio_sdcard.o(i.CmdResp1Error)
    CmdResp2Error                            0x080005e1   Thumb Code    80  sdio_sdcard.o(i.CmdResp2Error)
    CmdResp3Error                            0x08000635   Thumb Code    50  sdio_sdcard.o(i.CmdResp3Error)
    CmdResp6Error                            0x0800066d   Thumb Code   144  sdio_sdcard.o(i.CmdResp6Error)
    CmdResp7Error                            0x08000701   Thumb Code    70  sdio_sdcard.o(i.CmdResp7Error)
    DebugMon_Handler                         0x0800074d   Thumb Code     2  stm32f4xx_it.o(i.DebugMon_Handler)
    FindSCR                                  0x08000751   Thumb Code   388  sdio_sdcard.o(i.FindSCR)
    GPIO_Init                                0x080008e5   Thumb Code   144  stm32f4xx_gpio.o(i.GPIO_Init)
    GPIO_PinAFConfig                         0x08000975   Thumb Code    70  stm32f4xx_gpio.o(i.GPIO_PinAFConfig)
    GPIO_SetBits                             0x080009bb   Thumb Code     4  stm32f4xx_gpio.o(i.GPIO_SetBits)
    HardFault_Handler                        0x080009bf   Thumb Code     4  stm32f4xx_it.o(i.HardFault_Handler)
    LED_Init                                 0x080009c5   Thumb Code    80  led.o(i.LED_Init)
    MemManage_Handler                        0x08000a1d   Thumb Code     4  stm32f4xx_it.o(i.MemManage_Handler)
    NMI_Handler                              0x08000a21   Thumb Code     2  stm32f4xx_it.o(i.NMI_Handler)
    NVIC_Init                                0x08000a25   Thumb Code   106  misc.o(i.NVIC_Init)
    RCC_AHB1PeriphClockCmd                   0x08000a9d   Thumb Code    26  stm32f4xx_rcc.o(i.RCC_AHB1PeriphClockCmd)
    RCC_APB2PeriphClockCmd                   0x08000abd   Thumb Code    26  stm32f4xx_rcc.o(i.RCC_APB2PeriphClockCmd)
    RCC_APB2PeriphResetCmd                   0x08000add   Thumb Code    26  stm32f4xx_rcc.o(i.RCC_APB2PeriphResetCmd)
    RCC_GetClocksFreq                        0x08000afd   Thumb Code   214  stm32f4xx_rcc.o(i.RCC_GetClocksFreq)
    SDEnWideBus                              0x08000be5   Thumb Code   158  sdio_sdcard.o(i.SDEnWideBus)
    SDIO_ClearFlag                           0x08000c91   Thumb Code     6  stm32f4xx_sdio.o(i.SDIO_ClearFlag)
    SDIO_Clock_Set                           0x08000c9d   Thumb Code    16  sdio_sdcard.o(i.SDIO_Clock_Set)
    SDIO_DataConfig                          0x08000cb1   Thumb Code    46  stm32f4xx_sdio.o(i.SDIO_DataConfig)
    SDIO_GetFlagStatus                       0x08000ce5   Thumb Code    20  stm32f4xx_sdio.o(i.SDIO_GetFlagStatus)
    SDIO_GetPowerState                       0x08000cfd   Thumb Code    10  stm32f4xx_sdio.o(i.SDIO_GetPowerState)
    SDIO_IRQHandler                          0x08000d0d   Thumb Code     8  sdio_sdcard.o(i.SDIO_IRQHandler)
    SDIO_Init                                0x08000d15   Thumb Code    42  stm32f4xx_sdio.o(i.SDIO_Init)
    SDIO_Register_Deinit                     0x08000d45   Thumb Code    48  sdio_sdcard.o(i.SDIO_Register_Deinit)
    SDIO_SendCommand                         0x08000d7d   Thumb Code    40  stm32f4xx_sdio.o(i.SDIO_SendCommand)
    SDIO_SetPowerState                       0x08000da9   Thumb Code     6  stm32f4xx_sdio.o(i.SDIO_SetPowerState)
    SD_EnableWideBusOperation                0x08000db5   Thumb Code    94  sdio_sdcard.o(i.SD_EnableWideBusOperation)
    SD_GetCardInfo                           0x08000e1d   Thumb Code   772  sdio_sdcard.o(i.SD_GetCardInfo)
    SD_Init                                  0x08001131   Thumb Code   284  sdio_sdcard.o(i.SD_Init)
    SD_InitializeCards                       0x08001261   Thumb Code   330  sdio_sdcard.o(i.SD_InitializeCards)
    SD_PowerON                               0x080013c5   Thumb Code   460  sdio_sdcard.o(i.SD_PowerON)
    SD_ProcessIRQSrc                         0x080015a9   Thumb Code   318  sdio_sdcard.o(i.SD_ProcessIRQSrc)
    SD_SelectDeselect                        0x080016fd   Thumb Code    42  sdio_sdcard.o(i.SD_SelectDeselect)
    SD_SetDeviceMode                         0x0800172d   Thumb Code    20  sdio_sdcard.o(i.SD_SetDeviceMode)
    SVC_Handler                              0x08001745   Thumb Code     2  stm32f4xx_it.o(i.SVC_Handler)
    SysTick_CLKSourceConfig                  0x08001835   Thumb Code    40  misc.o(i.SysTick_CLKSourceConfig)
    SystemInit                               0x0800185d   Thumb Code    88  system_stm32f4xx.o(i.SystemInit)
    USART1_IRQHandler                        0x080018c5   Thumb Code   186  usart1.o(i.USART1_IRQHandler)
    USART_ClearFlag                          0x08001991   Thumb Code    18  stm32f4xx_usart.o(i.USART_ClearFlag)
    USART_Cmd                                0x080019a3   Thumb Code    24  stm32f4xx_usart.o(i.USART_Cmd)
    USART_GetITStatus                        0x080019bb   Thumb Code    84  stm32f4xx_usart.o(i.USART_GetITStatus)
    USART_ITConfig                           0x08001a0f   Thumb Code    74  stm32f4xx_usart.o(i.USART_ITConfig)
    USART_Init                               0x08001a59   Thumb Code   204  stm32f4xx_usart.o(i.USART_Init)
    USART_ReceiveData                        0x08001b2d   Thumb Code    10  stm32f4xx_usart.o(i.USART_ReceiveData)
    UsageFault_Handler                       0x08001b37   Thumb Code     4  stm32f4xx_it.o(i.UsageFault_Handler)
    _sys_exit                                0x08001b3b   Thumb Code     4  usart1.o(i._sys_exit)
    delay_init                               0x08001b41   Thumb Code    52  delay.o(i.delay_init)
    fputc                                    0x08001b7d   Thumb Code    22  usart1.o(i.fputc)
    main                                     0x08001b99   Thumb Code    42  main.o(i.main)
    uart_init                                0x08001bd1   Thumb Code   172  usart1.o(i.uart_init)
    _fp_init                                 0x08001c85   Thumb Code    10  fpinit.o(x$fpl$fpinit)
    __fplib_config_fpu_vfp                   0x08001c8d   Thumb Code     0  fpinit.o(x$fpl$fpinit)
    __fplib_config_pureend_doubles           0x08001c8d   Thumb Code     0  fpinit.o(x$fpl$fpinit)
    Region$$Table$$Base                      0x08001cb8   Number         0  anon$$obj.o(Region$$Table)
    Region$$Table$$Limit                     0x08001cd8   Number         0  anon$$obj.o(Region$$Table)
    mem3base                                 0x10000000   Data       61440  malloc.o(.ARM.__AT_0x10000000)
    mem3mapbase                              0x1000f000   Data        3840  malloc.o(.ARM.__AT_0x1000F000)
    TransferError                            0x2000000a   Data           1  sdio_sdcard.o(.data)
    TransferEnd                              0x2000000b   Data           1  sdio_sdcard.o(.data)
    tempbuff                                 0x2000000c   Data           4  sdio_sdcard.o(.data)
    __stdout                                 0x20000014   Data           4  usart1.o(.data)
    USART_RX_STA                             0x20000018   Data           2  usart1.o(.data)
    SDIO_InitStructure                       0x20000030   Data          24  sdio_sdcard.o(.bss)
    SDIO_CmdInitStructure                    0x20000048   Data          20  sdio_sdcard.o(.bss)
    SDIO_DataInitStructure                   0x2000005c   Data          24  sdio_sdcard.o(.bss)
    SDCardInfo                               0x20000098   Data          88  sdio_sdcard.o(.bss)
    SDIO_DATA_BUFFER                         0x200000f0   Data         512  sdio_sdcard.o(.bss)
    USART_RX_BUF                             0x200002f0   Data         200  usart1.o(.bss)
    __libspace_start                         0x200003b8   Data          96  libspace.o(.bss)
    __temporary_stack_top$libspace           0x20000418   Data           0  libspace.o(.bss)
    mem2base                                 0x68000000   Data       983040  malloc.o(.ARM.__AT_0x68000000)
    mem2mapbase                              0x680f0000   Data       61440  malloc.o(.ARM.__AT_0x680F0000)



==============================================================================

Memory Map of the image

  Image Entry point : 0x08000189

  Load Region LR_IROM1 (Base: 0x08000000, Size: 0x00001d04, Max: 0x00100000, ABSOLUTE)

    Execution Region ER_IROM1 (Exec base: 0x08000000, Load base: 0x08000000, Size: 0x00001cd8, Max: 0x00100000, ABSOLUTE)

    Exec Addr    Load Addr    Size         Type   Attr      Idx    E Section Name        Object

    0x08000000   0x08000000   0x00000188   Data   RO            3    RESET               startup_stm32f40_41xxx.o
    0x08000188   0x08000188   0x00000008   Code   RO         2287  * !!!main             c_w.l(__main.o)
    0x08000190   0x08000190   0x00000034   Code   RO         2469    !!!scatter          c_w.l(__scatter.o)
    0x080001c4   0x080001c4   0x0000001a   Code   RO         2471    !!handler_copy      c_w.l(__scatter_copy.o)
    0x080001de   0x080001de   0x00000002   PAD
    0x080001e0   0x080001e0   0x0000001c   Code   RO         2473    !!handler_zi        c_w.l(__scatter_zi.o)
    0x080001fc   0x080001fc   0x00000000   Code   RO         2278    .ARM.Collect$$_printf_percent$$00000000  c_w.l(_printf_percent.o)
    0x080001fc   0x080001fc   0x00000006   Code   RO         2277    .ARM.Collect$$_printf_percent$$00000009  c_w.l(_printf_d.o)
    0x08000202   0x08000202   0x00000006   Code   RO         2276    .ARM.Collect$$_printf_percent$$0000000C  c_w.l(_printf_x.o)
    0x08000208   0x08000208   0x00000004   Code   RO         2298    .ARM.Collect$$_printf_percent$$00000017  c_w.l(_printf_percent_end.o)
    0x0800020c   0x0800020c   0x00000002   Code   RO         2339    .ARM.Collect$$libinit$$00000000  c_w.l(libinit.o)
    0x0800020e   0x0800020e   0x00000004   Code   RO         2349    .ARM.Collect$$libinit$$00000001  c_w.l(libinit2.o)
    0x08000212   0x08000212   0x00000000   Code   RO         2352    .ARM.Collect$$libinit$$00000004  c_w.l(libinit2.o)
    0x08000212   0x08000212   0x00000000   Code   RO         2355    .ARM.Collect$$libinit$$0000000A  c_w.l(libinit2.o)
    0x08000212   0x08000212   0x00000000   Code   RO         2357    .ARM.Collect$$libinit$$0000000C  c_w.l(libinit2.o)
    0x08000212   0x08000212   0x00000000   Code   RO         2359    .ARM.Collect$$libinit$$0000000E  c_w.l(libinit2.o)
    0x08000212   0x08000212   0x00000000   Code   RO         2362    .ARM.Collect$$libinit$$00000011  c_w.l(libinit2.o)
    0x08000212   0x08000212   0x00000000   Code   RO         2364    .ARM.Collect$$libinit$$00000013  c_w.l(libinit2.o)
    0x08000212   0x08000212   0x00000000   Code   RO         2366    .ARM.Collect$$libinit$$00000015  c_w.l(libinit2.o)
    0x08000212   0x08000212   0x00000000   Code   RO         2368    .ARM.Collect$$libinit$$00000017  c_w.l(libinit2.o)
    0x08000212   0x08000212   0x00000000   Code   RO         2370    .ARM.Collect$$libinit$$00000019  c_w.l(libinit2.o)
    0x08000212   0x08000212   0x00000000   Code   RO         2372    .ARM.Collect$$libinit$$0000001B  c_w.l(libinit2.o)
    0x08000212   0x08000212   0x00000000   Code   RO         2374    .ARM.Collect$$libinit$$0000001D  c_w.l(libinit2.o)
    0x08000212   0x08000212   0x00000000   Code   RO         2376    .ARM.Collect$$libinit$$0000001F  c_w.l(libinit2.o)
    0x08000212   0x08000212   0x00000000   Code   RO         2378    .ARM.Collect$$libinit$$00000021  c_w.l(libinit2.o)
    0x08000212   0x08000212   0x00000000   Code   RO         2380    .ARM.Collect$$libinit$$00000023  c_w.l(libinit2.o)
    0x08000212   0x08000212   0x00000000   Code   RO         2382    .ARM.Collect$$libinit$$00000025  c_w.l(libinit2.o)
    0x08000212   0x08000212   0x00000000   Code   RO         2386    .ARM.Collect$$libinit$$0000002C  c_w.l(libinit2.o)
    0x08000212   0x08000212   0x00000000   Code   RO         2388    .ARM.Collect$$libinit$$0000002E  c_w.l(libinit2.o)
    0x08000212   0x08000212   0x00000000   Code   RO         2390    .ARM.Collect$$libinit$$00000030  c_w.l(libinit2.o)
    0x08000212   0x08000212   0x00000000   Code   RO         2392    .ARM.Collect$$libinit$$00000032  c_w.l(libinit2.o)
    0x08000212   0x08000212   0x00000002   Code   RO         2393    .ARM.Collect$$libinit$$00000033  c_w.l(libinit2.o)
    0x08000214   0x08000214   0x00000002   Code   RO         2421    .ARM.Collect$$libshutdown$$00000000  c_w.l(libshutdown.o)
    0x08000216   0x08000216   0x00000000   Code   RO         2435    .ARM.Collect$$libshutdown$$00000002  c_w.l(libshutdown2.o)
    0x08000216   0x08000216   0x00000000   Code   RO         2437    .ARM.Collect$$libshutdown$$00000004  c_w.l(libshutdown2.o)
    0x08000216   0x08000216   0x00000000   Code   RO         2440    .ARM.Collect$$libshutdown$$00000007  c_w.l(libshutdown2.o)
    0x08000216   0x08000216   0x00000000   Code   RO         2443    .ARM.Collect$$libshutdown$$0000000A  c_w.l(libshutdown2.o)
    0x08000216   0x08000216   0x00000000   Code   RO         2445    .ARM.Collect$$libshutdown$$0000000C  c_w.l(libshutdown2.o)
    0x08000216   0x08000216   0x00000000   Code   RO         2448    .ARM.Collect$$libshutdown$$0000000F  c_w.l(libshutdown2.o)
    0x08000216   0x08000216   0x00000002   Code   RO         2449    .ARM.Collect$$libshutdown$$00000010  c_w.l(libshutdown2.o)
    0x08000218   0x08000218   0x00000000   Code   RO         2291    .ARM.Collect$$rtentry$$00000000  c_w.l(__rtentry.o)
    0x08000218   0x08000218   0x00000000   Code   RO         2302    .ARM.Collect$$rtentry$$00000002  c_w.l(__rtentry2.o)
    0x08000218   0x08000218   0x00000006   Code   RO         2314    .ARM.Collect$$rtentry$$00000004  c_w.l(__rtentry4.o)
    0x0800021e   0x0800021e   0x00000000   Code   RO         2304    .ARM.Collect$$rtentry$$00000009  c_w.l(__rtentry2.o)
    0x0800021e   0x0800021e   0x00000004   Code   RO         2305    .ARM.Collect$$rtentry$$0000000A  c_w.l(__rtentry2.o)
    0x08000222   0x08000222   0x00000000   Code   RO         2307    .ARM.Collect$$rtentry$$0000000C  c_w.l(__rtentry2.o)
    0x08000222   0x08000222   0x00000008   Code   RO         2308    .ARM.Collect$$rtentry$$0000000D  c_w.l(__rtentry2.o)
    0x0800022a   0x0800022a   0x00000002   Code   RO         2343    .ARM.Collect$$rtexit$$00000000  c_w.l(rtexit.o)
    0x0800022c   0x0800022c   0x00000000   Code   RO         2395    .ARM.Collect$$rtexit$$00000002  c_w.l(rtexit2.o)
    0x0800022c   0x0800022c   0x00000004   Code   RO         2396    .ARM.Collect$$rtexit$$00000003  c_w.l(rtexit2.o)
    0x08000230   0x08000230   0x00000006   Code   RO         2397    .ARM.Collect$$rtexit$$00000004  c_w.l(rtexit2.o)
    0x08000236   0x08000236   0x00000002   PAD
    0x08000238   0x08000238   0x00000040   Code   RO            4    .text               startup_stm32f40_41xxx.o
    0x08000278   0x08000278   0x00000002   Code   RO         2223    .text               c_w.l(use_no_semi_2.o)
    0x0800027a   0x0800027a   0x00000002   PAD
    0x0800027c   0x0800027c   0x00000018   Code   RO         2229    .text               c_w.l(noretval__2printf.o)
    0x08000294   0x08000294   0x00000068   Code   RO         2231    .text               c_w.l(__printf.o)
    0x080002fc   0x080002fc   0x00000078   Code   RO         2233    .text               c_w.l(_printf_dec.o)
    0x08000374   0x08000374   0x00000058   Code   RO         2238    .text               c_w.l(_printf_hex_int.o)
    0x080003cc   0x080003cc   0x00000006   Code   RO         2285    .text               c_w.l(heapauxi.o)
    0x080003d2   0x080003d2   0x00000002   Code   RO         2289    .text               c_w.l(use_no_semi.o)
    0x080003d4   0x080003d4   0x000000b2   Code   RO         2294    .text               c_w.l(_printf_intcommon.o)
    0x08000486   0x08000486   0x00000002   PAD
    0x08000488   0x08000488   0x00000024   Code   RO         2296    .text               c_w.l(_printf_char_file.o)
    0x080004ac   0x080004ac   0x00000030   Code   RO         2320    .text               c_w.l(_printf_char_common.o)
    0x080004dc   0x080004dc   0x00000008   Code   RO         2322    .text               c_w.l(ferror.o)
    0x080004e4   0x080004e4   0x0000004a   Code   RO         2326    .text               c_w.l(sys_stackheap_outer.o)
    0x0800052e   0x0800052e   0x00000012   Code   RO         2332    .text               c_w.l(exit.o)
    0x08000540   0x08000540   0x00000008   Code   RO         2340    .text               c_w.l(libspace.o)
    0x08000548   0x08000548   0x00000004   Code   RO          163    i.BusFault_Handler  stm32f4xx_it.o
    0x0800054c   0x0800054c   0x00000030   Code   RO          291    i.CmdError          sdio_sdcard.o
    0x0800057c   0x0800057c   0x00000064   Code   RO          292    i.CmdResp1Error     sdio_sdcard.o
    0x080005e0   0x080005e0   0x00000054   Code   RO          293    i.CmdResp2Error     sdio_sdcard.o
    0x08000634   0x08000634   0x00000038   Code   RO          294    i.CmdResp3Error     sdio_sdcard.o
    0x0800066c   0x0800066c   0x00000094   Code   RO          295    i.CmdResp6Error     sdio_sdcard.o
    0x08000700   0x08000700   0x0000004c   Code   RO          296    i.CmdResp7Error     sdio_sdcard.o
    0x0800074c   0x0800074c   0x00000002   Code   RO          164    i.DebugMon_Handler  stm32f4xx_it.o
    0x0800074e   0x0800074e   0x00000002   PAD
    0x08000750   0x08000750   0x00000194   Code   RO          297    i.FindSCR           sdio_sdcard.o
    0x080008e4   0x080008e4   0x00000090   Code   RO          761    i.GPIO_Init         stm32f4xx_gpio.o
    0x08000974   0x08000974   0x00000046   Code   RO          762    i.GPIO_PinAFConfig  stm32f4xx_gpio.o
    0x080009ba   0x080009ba   0x00000004   Code   RO          769    i.GPIO_SetBits      stm32f4xx_gpio.o
    0x080009be   0x080009be   0x00000004   Code   RO          165    i.HardFault_Handler  stm32f4xx_it.o
    0x080009c2   0x080009c2   0x00000002   PAD
    0x080009c4   0x080009c4   0x00000058   Code   RO          267    i.LED_Init          led.o
    0x08000a1c   0x08000a1c   0x00000004   Code   RO          166    i.MemManage_Handler  stm32f4xx_it.o
    0x08000a20   0x08000a20   0x00000002   Code   RO          167    i.NMI_Handler       stm32f4xx_it.o
    0x08000a22   0x08000a22   0x00000002   PAD
    0x08000a24   0x08000a24   0x00000078   Code   RO          712    i.NVIC_Init         misc.o
    0x08000a9c   0x08000a9c   0x00000020   Code   RO          862    i.RCC_AHB1PeriphClockCmd  stm32f4xx_rcc.o
    0x08000abc   0x08000abc   0x00000020   Code   RO          874    i.RCC_APB2PeriphClockCmd  stm32f4xx_rcc.o
    0x08000adc   0x08000adc   0x00000020   Code   RO          876    i.RCC_APB2PeriphResetCmd  stm32f4xx_rcc.o
    0x08000afc   0x08000afc   0x000000e8   Code   RO          883    i.RCC_GetClocksFreq  stm32f4xx_rcc.o
    0x08000be4   0x08000be4   0x000000ac   Code   RO          299    i.SDEnWideBus       sdio_sdcard.o
    0x08000c90   0x08000c90   0x0000000c   Code   RO         1585    i.SDIO_ClearFlag    stm32f4xx_sdio.o
    0x08000c9c   0x08000c9c   0x00000014   Code   RO          300    i.SDIO_Clock_Set    sdio_sdcard.o
    0x08000cb0   0x08000cb0   0x00000034   Code   RO         1591    i.SDIO_DataConfig   stm32f4xx_sdio.o
    0x08000ce4   0x08000ce4   0x00000018   Code   RO         1597    i.SDIO_GetFlagStatus  stm32f4xx_sdio.o
    0x08000cfc   0x08000cfc   0x00000010   Code   RO         1599    i.SDIO_GetPowerState  stm32f4xx_sdio.o
    0x08000d0c   0x08000d0c   0x00000008   Code   RO          301    i.SDIO_IRQHandler   sdio_sdcard.o
    0x08000d14   0x08000d14   0x00000030   Code   RO         1602    i.SDIO_Init         stm32f4xx_sdio.o
    0x08000d44   0x08000d44   0x00000038   Code   RO          302    i.SDIO_Register_Deinit  sdio_sdcard.o
    0x08000d7c   0x08000d7c   0x0000002c   Code   RO         1605    i.SDIO_SendCommand  stm32f4xx_sdio.o
    0x08000da8   0x08000da8   0x0000000c   Code   RO         1607    i.SDIO_SetPowerState  stm32f4xx_sdio.o
    0x08000db4   0x08000db4   0x00000068   Code   RO          304    i.SD_EnableWideBusOperation  sdio_sdcard.o
    0x08000e1c   0x08000e1c   0x00000314   Code   RO          305    i.SD_GetCardInfo    sdio_sdcard.o
    0x08001130   0x08001130   0x00000130   Code   RO          307    i.SD_Init           sdio_sdcard.o
    0x08001260   0x08001260   0x00000164   Code   RO          308    i.SD_InitializeCards  sdio_sdcard.o
    0x080013c4   0x080013c4   0x000001e4   Code   RO          310    i.SD_PowerON        sdio_sdcard.o
    0x080015a8   0x080015a8   0x00000154   Code   RO          311    i.SD_ProcessIRQSrc  sdio_sdcard.o
    0x080016fc   0x080016fc   0x00000030   Code   RO          315    i.SD_SelectDeselect  sdio_sdcard.o
    0x0800172c   0x0800172c   0x00000018   Code   RO          317    i.SD_SetDeviceMode  sdio_sdcard.o
    0x08001744   0x08001744   0x00000002   Code   RO          168    i.SVC_Handler       stm32f4xx_it.o
    0x08001746   0x08001746   0x00000002   PAD
    0x08001748   0x08001748   0x000000ec   Code   RO          226    i.SetSysClock       system_stm32f4xx.o
    0x08001834   0x08001834   0x00000028   Code   RO          716    i.SysTick_CLKSourceConfig  misc.o
    0x0800185c   0x0800185c   0x00000068   Code   RO          228    i.SystemInit        system_stm32f4xx.o
    0x080018c4   0x080018c4   0x000000cc   Code   RO          659    i.USART1_IRQHandler  usart1.o
    0x08001990   0x08001990   0x00000012   Code   RO         1200    i.USART_ClearFlag   stm32f4xx_usart.o
    0x080019a2   0x080019a2   0x00000018   Code   RO         1204    i.USART_Cmd         stm32f4xx_usart.o
    0x080019ba   0x080019ba   0x00000054   Code   RO         1208    i.USART_GetITStatus  stm32f4xx_usart.o
    0x08001a0e   0x08001a0e   0x0000004a   Code   RO         1210    i.USART_ITConfig    stm32f4xx_usart.o
    0x08001a58   0x08001a58   0x000000d4   Code   RO         1211    i.USART_Init        stm32f4xx_usart.o
    0x08001b2c   0x08001b2c   0x0000000a   Code   RO         1218    i.USART_ReceiveData  stm32f4xx_usart.o
    0x08001b36   0x08001b36   0x00000004   Code   RO          169    i.UsageFault_Handler  stm32f4xx_it.o
    0x08001b3a   0x08001b3a   0x00000004   Code   RO          660    i._sys_exit         usart1.o
    0x08001b3e   0x08001b3e   0x00000002   PAD
    0x08001b40   0x08001b40   0x0000003c   Code   RO          593    i.delay_init        delay.o
    0x08001b7c   0x08001b7c   0x0000001c   Code   RO          661    i.fputc             usart1.o
    0x08001b98   0x08001b98   0x00000038   Code   RO           13    i.main              main.o
    0x08001bd0   0x08001bd0   0x000000b4   Code   RO          662    i.uart_init         usart1.o
    0x08001c84   0x08001c84   0x0000000a   Code   RO         2409    x$fpl$fpinit        fz_wm.l(fpinit.o)
    0x08001c8e   0x08001c8e   0x00000028   Data   RO         2239    .constdata          c_w.l(_printf_hex_int.o)
    0x08001cb6   0x08001cb6   0x00000002   PAD
    0x08001cb8   0x08001cb8   0x00000020   Data   RO         2467    Region$$Table       anon$$obj.o


    Execution Region RW_IRAM1 (Exec base: 0x20000000, Load base: 0x08001cd8, Size: 0x00000a18, Max: 0x00020000, ABSOLUTE)

    Exec Addr    Load Addr    Size         Type   Attr      Idx    E Section Name        Object

    0x20000000   0x08001cd8   0x00000010   Data   RW          323    .data               sdio_sdcard.o
    0x20000010   0x08001ce8   0x00000004   Data   RW          597    .data               delay.o
    0x20000014   0x08001cec   0x00000006   Data   RW          664    .data               usart1.o
    0x2000001a   0x08001cf2   0x00000010   Data   RW          915    .data               stm32f4xx_rcc.o
    0x2000002a   0x08001d02   0x00000006   PAD
    0x20000030        -       0x000002c0   Zero   RW          322    .bss                sdio_sdcard.o
    0x200002f0        -       0x000000c8   Zero   RW          663    .bss                usart1.o
    0x200003b8        -       0x00000060   Zero   RW         2341    .bss                c_w.l(libspace.o)
    0x20000418        -       0x00000200   Zero   RW            2    HEAP                startup_stm32f40_41xxx.o
    0x20000618        -       0x00000400   Zero   RW            1    STACK               startup_stm32f40_41xxx.o



  Load Region LR$$.ARM.__AT_0x10000000 (Base: 0x10000000, Size: 0x00000000, Max: 0x0000f000, ABSOLUTE)

    Execution Region ER$$.ARM.__AT_0x10000000 (Exec base: 0x10000000, Load base: 0x10000000, Size: 0x0000f000, Max: 0x0000f000, ABSOLUTE, UNINIT)

    Exec Addr    Load Addr    Size         Type   Attr      Idx    E Section Name        Object

    0x10000000        -       0x0000f000   Zero   RW          518    .ARM.__AT_0x10000000  malloc.o



  Load Region LR$$.ARM.__AT_0x1000F000 (Base: 0x1000f000, Size: 0x00000000, Max: 0x00000f00, ABSOLUTE)

    Execution Region ER$$.ARM.__AT_0x1000F000 (Exec base: 0x1000f000, Load base: 0x1000f000, Size: 0x00000f00, Max: 0x00000f00, ABSOLUTE, UNINIT)

    Exec Addr    Load Addr    Size         Type   Attr      Idx    E Section Name        Object

    0x1000f000        -       0x00000f00   Zero   RW          519    .ARM.__AT_0x1000F000  malloc.o



  Load Region LR$$.ARM.__AT_0x68000000 (Base: 0x68000000, Size: 0x00000000, Max: 0x000f0000, ABSOLUTE)

    Execution Region ER$$.ARM.__AT_0x68000000 (Exec base: 0x68000000, Load base: 0x68000000, Size: 0x000f0000, Max: 0x000f0000, ABSOLUTE, UNINIT)

    Exec Addr    Load Addr    Size         Type   Attr      Idx    E Section Name        Object

    0x68000000        -       0x000f0000   Zero   RW          520    .ARM.__AT_0x68000000  malloc.o



  Load Region LR$$.ARM.__AT_0x680F0000 (Base: 0x680f0000, Size: 0x00000000, Max: 0x0000f000, ABSOLUTE)

    Execution Region ER$$.ARM.__AT_0x680F0000 (Exec base: 0x680f0000, Load base: 0x680f0000, Size: 0x0000f000, Max: 0x0000f000, ABSOLUTE, UNINIT)

    Exec Addr    Load Addr    Size         Type   Attr      Idx    E Section Name        Object

    0x680f0000        -       0x0000f000   Zero   RW          521    .ARM.__AT_0x680F0000  malloc.o


==============================================================================

Image component sizes


      Code (inc. data)   RO Data    RW Data    ZI Data      Debug   Object Name

        60          8          0          4          0        705   delay.o
        88          8          0          0          0        535   led.o
        56         14          0          0          0     271579   main.o
         0          0          0          0    1109760       1754   malloc.o
       160         14          0          0          0       1538   misc.o
      3620        196          0         16        704      23885   sdio_sdcard.o
        64         26        392          0       1536        860   startup_stm32f40_41xxx.o
       218          0          0          0          0       2302   stm32f4xx_gpio.o
        22          0          0          0          0       3179   stm32f4xx_it.o
       328         36          0         16          0       4579   stm32f4xx_rcc.o
       208         38          0          0          0       5649   stm32f4xx_sdio.o
       422          8          0          0          0       4804   stm32f4xx_usart.o
       340         32          0          0          0       1489   system_stm32f4xx.o
       416         32          0          6        200       4184   usart1.o

    ----------------------------------------------------------------------
      6012        412        424         44    1112204     327042   Object Totals
         0          0         32          0          0          0   (incl. Generated)
        10          0          0          2          4          0   (incl. Padding)

    ----------------------------------------------------------------------

      Code (inc. data)   RO Data    RW Data    ZI Data      Debug   Library Member Name

         8          0          0          0          0         68   __main.o
       104          0          0          0          0         84   __printf.o
         0          0          0          0          0          0   __rtentry.o
        12          0          0          0          0          0   __rtentry2.o
         6          0          0          0          0          0   __rtentry4.o
        52          8          0          0          0          0   __scatter.o
        26          0          0          0          0          0   __scatter_copy.o
        28          0          0          0          0          0   __scatter_zi.o
        48          6          0          0          0         96   _printf_char_common.o
        36          4          0          0          0         80   _printf_char_file.o
         6          0          0          0          0          0   _printf_d.o
       120         16          0          0          0         92   _printf_dec.o
        88          4         40          0          0         88   _printf_hex_int.o
       178          0          0          0          0         88   _printf_intcommon.o
         0          0          0          0          0          0   _printf_percent.o
         4          0          0          0          0          0   _printf_percent_end.o
         6          0          0          0          0          0   _printf_x.o
        18          0          0          0          0         80   exit.o
         8          0          0          0          0         68   ferror.o
         6          0          0          0          0        152   heapauxi.o
         2          0          0          0          0          0   libinit.o
         6          0          0          0          0          0   libinit2.o
         2          0          0          0          0          0   libshutdown.o
         2          0          0          0          0          0   libshutdown2.o
         8          4          0          0         96         68   libspace.o
        24          4          0          0          0         84   noretval__2printf.o
         2          0          0          0          0          0   rtexit.o
        10          0          0          0          0          0   rtexit2.o
        74          0          0          0          0         80   sys_stackheap_outer.o
         2          0          0          0          0         68   use_no_semi.o
         2          0          0          0          0         68   use_no_semi_2.o
        10          0          0          0          0        116   fpinit.o

    ----------------------------------------------------------------------
       906         46         42          0         96       1380   Library Totals
         8          0          2          0          0          0   (incl. Padding)

    ----------------------------------------------------------------------

      Code (inc. data)   RO Data    RW Data    ZI Data      Debug   Library Name

       888         46         40          0         96       1264   c_w.l
        10          0          0          0          0        116   fz_wm.l

    ----------------------------------------------------------------------
       906         46         42          0         96       1380   Library Totals

    ----------------------------------------------------------------------

==============================================================================


      Code (inc. data)   RO Data    RW Data    ZI Data      Debug   

      6918        458        466         44    1112300     322750   Grand Totals
      6918        458        466         44    1112300     322750   ELF Image Totals
      6918        458        466         44          0          0   ROM Totals

==============================================================================

    Total RO  Size (Code + RO Data)                 7384 (   7.21kB)
    Total RW  Size (RW Data + ZI Data)           1112344 (1086.27kB)
    Total ROM Size (Code + RO Data + RW Data)       7428 (   7.25kB)

==============================================================================

